Archive member included to satisfy reference by file (symbol)

C:/ST/STM32CubeIDE_1.14.1/STM32CubeIDE/plugins/com.st.stm32cube.ide.mcu.externaltools.gnu-tools-for-stm32.11.3.rel1.win32_1.1.100.202309141235/tools/bin/../lib/gcc/arm-none-eabi/11.3.1/../../../../arm-none-eabi/lib/thumb/v7e-m+fp/hard\libstdc++_nano.a(del_ops.o)
                              ./Core/Src/main_impl.o (operator delete(void*, unsigned int))
C:/ST/STM32CubeIDE_1.14.1/STM32CubeIDE/plugins/com.st.stm32cube.ide.mcu.externaltools.gnu-tools-for-stm32.11.3.rel1.win32_1.1.100.202309141235/tools/bin/../lib/gcc/arm-none-eabi/11.3.1/../../../../arm-none-eabi/lib/thumb/v7e-m+fp/hard\libstdc++_nano.a(del_opva.o)
                              ./Drivers/libcyphal/cyphal/allocators/o1/o1_allocator.o (operator delete[](void*, std::align_val_t))
C:/ST/STM32CubeIDE_1.14.1/STM32CubeIDE/plugins/com.st.stm32cube.ide.mcu.externaltools.gnu-tools-for-stm32.11.3.rel1.win32_1.1.100.202309141235/tools/bin/../lib/gcc/arm-none-eabi/11.3.1/../../../../arm-none-eabi/lib/thumb/v7e-m+fp/hard\libstdc++_nano.a(new_op.o)
                              ./Core/Src/main_impl.o (operator new(unsigned int))
C:/ST/STM32CubeIDE_1.14.1/STM32CubeIDE/plugins/com.st.stm32cube.ide.mcu.externaltools.gnu-tools-for-stm32.11.3.rel1.win32_1.1.100.202309141235/tools/bin/../lib/gcc/arm-none-eabi/11.3.1/../../../../arm-none-eabi/lib/thumb/v7e-m+fp/hard\libstdc++_nano.a(new_opva.o)
                              ./Drivers/libcyphal/cyphal/allocators/o1/o1_allocator.o (operator new[](unsigned int, std::align_val_t))
C:/ST/STM32CubeIDE_1.14.1/STM32CubeIDE/plugins/com.st.stm32cube.ide.mcu.externaltools.gnu-tools-for-stm32.11.3.rel1.win32_1.1.100.202309141235/tools/bin/../lib/gcc/arm-none-eabi/11.3.1/../../../../arm-none-eabi/lib/thumb/v7e-m+fp/hard\libstdc++_nano.a(functional.o)
                              ./Core/Src/main_impl.o (std::__throw_bad_function_call())
C:/ST/STM32CubeIDE_1.14.1/STM32CubeIDE/plugins/com.st.stm32cube.ide.mcu.externaltools.gnu-tools-for-stm32.11.3.rel1.win32_1.1.100.202309141235/tools/bin/../lib/gcc/arm-none-eabi/11.3.1/../../../../arm-none-eabi/lib/thumb/v7e-m+fp/hard\libstdc++_nano.a(del_op.o)
                              C:/ST/STM32CubeIDE_1.14.1/STM32CubeIDE/plugins/com.st.stm32cube.ide.mcu.externaltools.gnu-tools-for-stm32.11.3.rel1.win32_1.1.100.202309141235/tools/bin/../lib/gcc/arm-none-eabi/11.3.1/../../../../arm-none-eabi/lib/thumb/v7e-m+fp/hard\libstdc++_nano.a(del_ops.o) (operator delete(void*))
C:/ST/STM32CubeIDE_1.14.1/STM32CubeIDE/plugins/com.st.stm32cube.ide.mcu.externaltools.gnu-tools-for-stm32.11.3.rel1.win32_1.1.100.202309141235/tools/bin/../lib/gcc/arm-none-eabi/11.3.1/../../../../arm-none-eabi/lib/thumb/v7e-m+fp/hard\libstdc++_nano.a(del_opa.o)
                              C:/ST/STM32CubeIDE_1.14.1/STM32CubeIDE/plugins/com.st.stm32cube.ide.mcu.externaltools.gnu-tools-for-stm32.11.3.rel1.win32_1.1.100.202309141235/tools/bin/../lib/gcc/arm-none-eabi/11.3.1/../../../../arm-none-eabi/lib/thumb/v7e-m+fp/hard\libstdc++_nano.a(del_opva.o) (operator delete(void*, std::align_val_t))
C:/ST/STM32CubeIDE_1.14.1/STM32CubeIDE/plugins/com.st.stm32cube.ide.mcu.externaltools.gnu-tools-for-stm32.11.3.rel1.win32_1.1.100.202309141235/tools/bin/../lib/gcc/arm-none-eabi/11.3.1/../../../../arm-none-eabi/lib/thumb/v7e-m+fp/hard\libstdc++_nano.a(eh_exception.o)
                              C:/ST/STM32CubeIDE_1.14.1/STM32CubeIDE/plugins/com.st.stm32cube.ide.mcu.externaltools.gnu-tools-for-stm32.11.3.rel1.win32_1.1.100.202309141235/tools/bin/../lib/gcc/arm-none-eabi/11.3.1/../../../../arm-none-eabi/lib/thumb/v7e-m+fp/hard\libstdc++_nano.a(functional.o) (std::exception::~exception())
C:/ST/STM32CubeIDE_1.14.1/STM32CubeIDE/plugins/com.st.stm32cube.ide.mcu.externaltools.gnu-tools-for-stm32.11.3.rel1.win32_1.1.100.202309141235/tools/bin/../lib/gcc/arm-none-eabi/11.3.1/../../../../arm-none-eabi/lib/thumb/v7e-m+fp/hard\libstdc++_nano.a(new_handler.o)
                              C:/ST/STM32CubeIDE_1.14.1/STM32CubeIDE/plugins/com.st.stm32cube.ide.mcu.externaltools.gnu-tools-for-stm32.11.3.rel1.win32_1.1.100.202309141235/tools/bin/../lib/gcc/arm-none-eabi/11.3.1/../../../../arm-none-eabi/lib/thumb/v7e-m+fp/hard\libstdc++_nano.a(new_op.o) (std::get_new_handler())
C:/ST/STM32CubeIDE_1.14.1/STM32CubeIDE/plugins/com.st.stm32cube.ide.mcu.externaltools.gnu-tools-for-stm32.11.3.rel1.win32_1.1.100.202309141235/tools/bin/../lib/gcc/arm-none-eabi/11.3.1/../../../../arm-none-eabi/lib/thumb/v7e-m+fp/hard\libstdc++_nano.a(new_opa.o)
                              C:/ST/STM32CubeIDE_1.14.1/STM32CubeIDE/plugins/com.st.stm32cube.ide.mcu.externaltools.gnu-tools-for-stm32.11.3.rel1.win32_1.1.100.202309141235/tools/bin/../lib/gcc/arm-none-eabi/11.3.1/../../../../arm-none-eabi/lib/thumb/v7e-m+fp/hard\libstdc++_nano.a(new_opva.o) (operator new(unsigned int, std::align_val_t))
[...]
Memory Configuration

Name             Origin             Length             Attributes
RAM              0x0000000020000000 0x0000000000020000 xrw
FLASH            0x0000000008000000 0x0000000000080000 xr
*default*        0x0000000000000000 0xffffffffffffffff

Linker script and memory map

LOAD C:/ST/STM32CubeIDE_1.14.1/STM32CubeIDE/plugins/com.st.stm32cube.ide.mcu.externaltools.gnu-tools-for-stm32.11.3.rel1.win32_1.1.100.202309141235/tools/bin/../lib/gcc/arm-none-eabi/11.3.1/thumb/v7e-m+fp/hard/crti.o
LOAD C:/ST/STM32CubeIDE_1.14.1/STM32CubeIDE/plugins/com.st.stm32cube.ide.mcu.externaltools.gnu-tools-for-stm32.11.3.rel1.win32_1.1.100.202309141235/tools/bin/../lib/gcc/arm-none-eabi/11.3.1/thumb/v7e-m+fp/hard/crtbegin.o
LOAD C:/ST/STM32CubeIDE_1.14.1/STM32CubeIDE/plugins/com.st.stm32cube.ide.mcu.externaltools.gnu-tools-for-stm32.11.3.rel1.win32_1.1.100.202309141235/tools/bin/../lib/gcc/arm-none-eabi/11.3.1/../../../../arm-none-eabi/lib/thumb/v7e-m+fp/hard/crt0.o
LOAD ./Core/Src/fdcan.o
LOAD ./Core/Src/gpio.o
LOAD ./Core/Src/i2c.o
LOAD ./Core/Src/main.o
LOAD ./Core/Src/main_impl.o
LOAD ./Core/Src/stm32g4xx_hal_msp.o
LOAD ./Core/Src/stm32g4xx_it.o
LOAD ./Core/Src/syscalls.o
LOAD ./Core/Src/sysmem.o
LOAD ./Core/Src/system_stm32g4xx.o
LOAD ./Core/Src/usart.o
LOAD ./Core/Startup/startup_stm32g474retx.o
LOAD ./Drivers/STM32G4xx_HAL_Driver/Src/stm32g4xx_hal.o
LOAD ./Drivers/STM32G4xx_HAL_Driver/Src/stm32g4xx_hal_cortex.o
LOAD ./Drivers/STM32G4xx_HAL_Driver/Src/stm32g4xx_hal_dma.o
LOAD ./Drivers/STM32G4xx_HAL_Driver/Src/stm32g4xx_hal_dma_ex.o
LOAD ./Drivers/STM32G4xx_HAL_Driver/Src/stm32g4xx_hal_exti.o
LOAD ./Drivers/STM32G4xx_HAL_Driver/Src/stm32g4xx_hal_fdcan.o
LOAD ./Drivers/STM32G4xx_HAL_Driver/Src/stm32g4xx_hal_flash.o
LOAD ./Drivers/STM32G4xx_HAL_Driver/Src/stm32g4xx_hal_flash_ex.o
LOAD ./Drivers/STM32G4xx_HAL_Driver/Src/stm32g4xx_hal_flash_ramfunc.o
LOAD ./Drivers/STM32G4xx_HAL_Driver/Src/stm32g4xx_hal_gpio.o
LOAD ./Drivers/STM32G4xx_HAL_Driver/Src/stm32g4xx_hal_i2c.o
LOAD ./Drivers/STM32G4xx_HAL_Driver/Src/stm32g4xx_hal_i2c_ex.o
LOAD ./Drivers/STM32G4xx_HAL_Driver/Src/stm32g4xx_hal_pwr.o
LOAD ./Drivers/STM32G4xx_HAL_Driver/Src/stm32g4xx_hal_pwr_ex.o
LOAD ./Drivers/STM32G4xx_HAL_Driver/Src/stm32g4xx_hal_rcc.o
LOAD ./Drivers/STM32G4xx_HAL_Driver/Src/stm32g4xx_hal_rcc_ex.o
LOAD ./Drivers/STM32G4xx_HAL_Driver/Src/stm32g4xx_hal_tim.o
LOAD ./Drivers/STM32G4xx_HAL_Driver/Src/stm32g4xx_hal_tim_ex.o
LOAD ./Drivers/STM32G4xx_HAL_Driver/Src/stm32g4xx_hal_uart.o
LOAD ./Drivers/STM32G4xx_HAL_Driver/Src/stm32g4xx_hal_uart_ex.o
LOAD ./Drivers/libcyphal/cyphal/allocators/o1/o1_allocator.o
LOAD ./Drivers/libcyphal/cyphal/allocators/sys/sys_allocator.o
LOAD ./Drivers/libcyphal/cyphal/cyphal.o
LOAD ./Drivers/libcyphal/cyphal/definitions.o
LOAD ./Drivers/libcyphal/cyphal/providers/FDCAN_generic.o
LOAD ./Drivers/libcyphal/cyphal/providers/G4CAN.o
LOAD ./Drivers/libcyphal/cyphal/providers/LinuxCAN.o
LOAD ./Drivers/libcyphal/cyphal/providers/provider.o
LOAD ./Drivers/libcyphal/libs/libcanard/canard.o
LOAD ./Drivers/libcyphal/libs/o1heap/o1heap.o
START GROUP
LOAD C:/ST/STM32CubeIDE_1.14.1/STM32CubeIDE/plugins/com.st.stm32cube.ide.mcu.externaltools.gnu-tools-for-stm32.11.3.rel1.win32_1.1.100.202309141235/tools/bin/../lib/gcc/arm-none-eabi/11.3.1/../../../../arm-none-eabi/lib/thumb/v7e-m+fp/hard\libstdc++_nano.a
LOAD C:/ST/STM32CubeIDE_1.14.1/STM32CubeIDE/plugins/com.st.stm32cube.ide.mcu.externaltools.gnu-tools-for-stm32.11.3.rel1.win32_1.1.100.202309141235/tools/bin/../lib/gcc/arm-none-eabi/11.3.1/../../../../arm-none-eabi/lib/thumb/v7e-m+fp/hard\libsupc++_nano.a
END GROUP
LOAD C:/ST/STM32CubeIDE_1.14.1/STM32CubeIDE/plugins/com.st.stm32cube.ide.mcu.externaltools.gnu-tools-for-stm32.11.3.rel1.win32_1.1.100.202309141235/tools/bin/../lib/gcc/arm-none-eabi/11.3.1/../../../../arm-none-eabi/lib/thumb/v7e-m+fp/hard\libstdc++_nano.a
LOAD C:/ST/STM32CubeIDE_1.14.1/STM32CubeIDE/plugins/com.st.stm32cube.ide.mcu.externaltools.gnu-tools-for-stm32.11.3.rel1.win32_1.1.100.202309141235/tools/bin/../lib/gcc/arm-none-eabi/11.3.1/../../../../arm-none-eabi/lib/thumb/v7e-m+fp/hard\libm.a
LOAD C:/ST/STM32CubeIDE_1.14.1/STM32CubeIDE/plugins/com.st.stm32cube.ide.mcu.externaltools.gnu-tools-for-stm32.11.3.rel1.win32_1.1.100.202309141235/tools/bin/../lib/gcc/arm-none-eabi/11.3.1/../../../../arm-none-eabi/lib/thumb/v7e-m+fp/hard\libc_nano.a
START GROUP
LOAD C:/ST/STM32CubeIDE_1.14.1/STM32CubeIDE/plugins/com.st.stm32cube.ide.mcu.externaltools.gnu-tools-for-stm32.11.3.rel1.win32_1.1.100.202309141235/tools/bin/../lib/gcc/arm-none-eabi/11.3.1/thumb/v7e-m+fp/hard\libgcc.a
LOAD C:/ST/STM32CubeIDE_1.14.1/STM32CubeIDE/plugins/com.st.stm32cube.ide.mcu.externaltools.gnu-tools-for-stm32.11.3.rel1.win32_1.1.100.202309141235/tools/bin/../lib/gcc/arm-none-eabi/11.3.1/../../../../arm-none-eabi/lib/thumb/v7e-m+fp/hard\libc_nano.a
END GROUP
START GROUP
LOAD C:/ST/STM32CubeIDE_1.14.1/STM32CubeIDE/plugins/com.st.stm32cube.ide.mcu.externaltools.gnu-tools-for-stm32.11.3.rel1.win32_1.1.100.202309141235/tools/bin/../lib/gcc/arm-none-eabi/11.3.1/thumb/v7e-m+fp/hard\libgcc.a
LOAD C:/ST/STM32CubeIDE_1.14.1/STM32CubeIDE/plugins/com.st.stm32cube.ide.mcu.externaltools.gnu-tools-for-stm32.11.3.rel1.win32_1.1.100.202309141235/tools/bin/../lib/gcc/arm-none-eabi/11.3.1/../../../../arm-none-eabi/lib/thumb/v7e-m+fp/hard\libc_nano.a
LOAD C:/ST/STM32CubeIDE_1.14.1/STM32CubeIDE/plugins/com.st.stm32cube.ide.mcu.externaltools.gnu-tools-for-stm32.11.3.rel1.win32_1.1.100.202309141235/tools/bin/../lib/gcc/arm-none-eabi/11.3.1/../../../../arm-none-eabi/lib/thumb/v7e-m+fp/hard\libnosys.a
END GROUP
START GROUP
LOAD C:/ST/STM32CubeIDE_1.14.1/STM32CubeIDE/plugins/com.st.stm32cube.ide.mcu.externaltools.gnu-tools-for-stm32.11.3.rel1.win32_1.1.100.202309141235/tools/bin/../lib/gcc/arm-none-eabi/11.3.1/thumb/v7e-m+fp/hard\libgcc.a
LOAD C:/ST/STM32CubeIDE_1.14.1/STM32CubeIDE/plugins/com.st.stm32cube.ide.mcu.externaltools.gnu-tools-for-stm32.11.3.rel1.win32_1.1.100.202309141235/tools/bin/../lib/gcc/arm-none-eabi/11.3.1/../../../../arm-none-eabi/lib/thumb/v7e-m+fp/hard\libc_nano.a
LOAD C:/ST/STM32CubeIDE_1.14.1/STM32CubeIDE/plugins/com.st.stm32cube.ide.mcu.externaltools.gnu-tools-for-stm32.11.3.rel1.win32_1.1.100.202309141235/tools/bin/../lib/gcc/arm-none-eabi/11.3.1/../../../../arm-none-eabi/lib/thumb/v7e-m+fp/hard\libnosys.a
END GROUP
LOAD C:/ST/STM32CubeIDE_1.14.1/STM32CubeIDE/plugins/com.st.stm32cube.ide.mcu.externaltools.gnu-tools-for-stm32.11.3.rel1.win32_1.1.100.202309141235/tools/bin/../lib/gcc/arm-none-eabi/11.3.1/thumb/v7e-m+fp/hard/crtend.o
LOAD C:/ST/STM32CubeIDE_1.14.1/STM32CubeIDE/plugins/com.st.stm32cube.ide.mcu.externaltools.gnu-tools-for-stm32.11.3.rel1.win32_1.1.100.202309141235/tools/bin/../lib/gcc/arm-none-eabi/11.3.1/thumb/v7e-m+fp/hard/crtn.o
                0x0000000020020000                _estack = (ORIGIN (RAM) + LENGTH (RAM))
                0x0000000000000200                _Min_Heap_Size = 0x200
                0x0000000000000400                _Min_Stack_Size = 0x400

.isr_vector     0x0000000008000000      0x1d8
                0x0000000008000000                . = ALIGN (0x4)
 *(.isr_vector)
 .isr_vector    0x0000000008000000      0x1d8 ./Core/Startup/startup_stm32g474retx.o
                0x0000000008000000                g_pfnVectors
                0x00000000080001d8                . = ALIGN (0x4)

.text           0x00000000080001e0    0x11820
                0x00000000080001e0                . = ALIGN (0x4)
 *(.text)
 .text          0x00000000080001e0       0x40 C:/ST/STM32CubeIDE_1.14.1/STM32CubeIDE/plugins/com.st.stm32cube.ide.mcu.externaltools.gnu-tools-for-stm32.11.3.rel1.win32_1.1.100.202309141235/tools/bin/../lib/gcc/arm-none-eabi/11.3.1/thumb/v7e-m+fp/hard/crtbegin.o
 .text          0x0000000008000220       0xa0 C:/ST/STM32CubeIDE_1.14.1/STM32CubeIDE/plugins/com.st.stm32cube.ide.mcu.externaltools.gnu-tools-for-stm32.11.3.rel1.win32_1.1.100.202309141235/tools/bin/../lib/gcc/arm-none-eabi/11.3.1/../../../../arm-none-eabi/lib/thumb/v7e-m+fp/hard\libc_nano.a(libc_a-memchr.o)
                0x0000000008000220                memchr
 .text          0x00000000080002c0       0x10 C:/ST/STM32CubeIDE_1.14.1/STM32CubeIDE/plugins/com.st.stm32cube.ide.mcu.externaltools.gnu-tools-for-stm32.11.3.rel1.win32_1.1.100.202309141235/tools/bin/../lib/gcc/arm-none-eabi/11.3.1/../../../../arm-none-eabi/lib/thumb/v7e-m+fp/hard\libc_nano.a(libc_a-strlen.o)
                0x00000000080002c0                strlen
 .text          0x00000000080002d0      0x378 C:/ST/STM32CubeIDE_1.14.1/STM32CubeIDE/plugins/com.st.stm32cube.ide.mcu.externaltools.gnu-tools-for-stm32.11.3.rel1.win32_1.1.100.202309141235/tools/bin/../lib/gcc/arm-none-eabi/11.3.1/thumb/v7e-m+fp/hard\libgcc.a(_arm_addsubdf3.o)
                0x00000000080002d0                __aeabi_drsub
                0x00000000080002d8                __aeabi_dsub
                0x00000000080002d8                __subdf3
                0x00000000080002dc                __aeabi_dadd
                0x00000000080002dc                __adddf3
                0x0000000008000554                __floatunsidf
                0x0000000008000554                __aeabi_ui2d
                0x0000000008000574                __floatsidf
                0x0000000008000574                __aeabi_i2d
                0x0000000008000598                __aeabi_f2d
                0x0000000008000598                __extendsfdf2
                0x00000000080005dc                __floatundidf
                0x00000000080005dc                __aeabi_ul2d
                0x00000000080005ec                __floatdidf
                0x00000000080005ec                __aeabi_l2d
 .text          0x0000000008000648      0x424 C:/ST/STM32CubeIDE_1.14.1/STM32CubeIDE/plugins/com.st.stm32cube.ide.mcu.externaltools.gnu-tools-for-stm32.11.3.rel1.win32_1.1.100.202309141235/tools/bin/../lib/gcc/arm-none-eabi/11.3.1/thumb/v7e-m+fp/hard\libgcc.a(_arm_muldivdf3.o)
                0x0000000008000648                __aeabi_dmul
                0x0000000008000648                __muldf3
                0x000000000800089c                __divdf3
                0x000000000800089c                __aeabi_ddiv
 .text          0x0000000008000a6c      0x110 C:/ST/STM32CubeIDE_1.14.1/STM32CubeIDE/plugins/com.st.stm32cube.ide.mcu.externaltools.gnu-tools-for-stm32.11.3.rel1.win32_1.1.100.202309141235/tools/bin/../lib/gcc/arm-none-eabi/11.3.1/thumb/v7e-m+fp/hard\libgcc.a(_arm_cmpdf2.o)
                0x0000000008000a6c                __gtdf2
                0x0000000008000a6c                __gedf2
                0x0000000008000a74                __ltdf2
                0x0000000008000a74                __ledf2
                0x0000000008000a7c                __nedf2
                0x0000000008000a7c                __eqdf2
                0x0000000008000a7c                __cmpdf2
                0x0000000008000af8                __aeabi_cdrcmple
                0x0000000008000b08                __aeabi_cdcmpeq
                0x0000000008000b08                __aeabi_cdcmple
                0x0000000008000b18                __aeabi_dcmpeq
                0x0000000008000b2c                __aeabi_dcmplt
                0x0000000008000b40                __aeabi_dcmple
                0x0000000008000b54                __aeabi_dcmpge
                0x0000000008000b68                __aeabi_dcmpgt
 .text          0x0000000008000b7c       0x2c C:/ST/STM32CubeIDE_1.14.1/STM32CubeIDE/plugins/com.st.stm32cube.ide.mcu.externaltools.gnu-tools-for-stm32.11.3.rel1.win32_1.1.100.202309141235/tools/bin/../lib/gcc/arm-none-eabi/11.3.1/thumb/v7e-m+fp/hard\libgcc.a(_arm_unorddf2.o)
                0x0000000008000b7c                __unorddf2
                0x0000000008000b7c                __aeabi_dcmpun
 .text          0x0000000008000ba8       0x50 C:/ST/STM32CubeIDE_1.14.1/STM32CubeIDE/plugins/com.st.stm32cube.ide.mcu.externaltools.gnu-tools-for-stm32.11.3.rel1.win32_1.1.100.202309141235/tools/bin/../lib/gcc/arm-none-eabi/11.3.1/thumb/v7e-m+fp/hard\libgcc.a(_arm_fixdfsi.o)
                0x0000000008000ba8                __aeabi_d2iz
                0x0000000008000ba8                __fixdfsi
 .text          0x0000000008000bf8       0x40 C:/ST/STM32CubeIDE_1.14.1/STM32CubeIDE/plugins/com.st.stm32cube.ide.mcu.externaltools.gnu-tools-for-stm32.11.3.rel1.win32_1.1.100.202309141235/tools/bin/../lib/gcc/arm-none-eabi/11.3.1/thumb/v7e-m+fp/hard\libgcc.a(_arm_fixunsdfsi.o)
                0x0000000008000bf8                __aeabi_d2uiz
                0x0000000008000bf8                __fixunsdfsi
 .text          0x0000000008000c38       0xa0 C:/ST/STM32CubeIDE_1.14.1/STM32CubeIDE/plugins/com.st.stm32cube.ide.mcu.externaltools.gnu-tools-for-stm32.11.3.rel1.win32_1.1.100.202309141235/tools/bin/../lib/gcc/arm-none-eabi/11.3.1/thumb/v7e-m+fp/hard\libgcc.a(_arm_truncdfsf2.o)
                0x0000000008000c38                __truncdfsf2
                0x0000000008000c38                __aeabi_d2f
 .text          0x0000000008000cd8       0x30 C:/ST/STM32CubeIDE_1.14.1/STM32CubeIDE/plugins/com.st.stm32cube.ide.mcu.externaltools.gnu-tools-for-stm32.11.3.rel1.win32_1.1.100.202309141235/tools/bin/../lib/gcc/arm-none-eabi/11.3.1/thumb/v7e-m+fp/hard\libgcc.a(_aeabi_uldivmod.o)
                0x0000000008000cd8                __aeabi_uldivmod
 .text          0x0000000008000d08       0x30 C:/ST/STM32CubeIDE_1.14.1/STM32CubeIDE/plugins/com.st.stm32cube.ide.mcu.externaltools.gnu-tools-for-stm32.11.3.rel1.win32_1.1.100.202309141235/tools/bin/../lib/gcc/arm-none-eabi/11.3.1/thumb/v7e-m+fp/hard\libgcc.a(_fixdfdi.o)
                0x0000000008000d08                __fixdfdi
                0x0000000008000d08                __aeabi_d2lz
 .text          0x0000000008000d38       0x3c C:/ST/STM32CubeIDE_1.14.1/STM32CubeIDE/plugins/com.st.stm32cube.ide.mcu.externaltools.gnu-tools-for-stm32.11.3.rel1.win32_1.1.100.202309141235/tools/bin/../lib/gcc/arm-none-eabi/11.3.1/thumb/v7e-m+fp/hard\libgcc.a(_fixunsdfdi.o)
                0x0000000008000d38                __fixunsdfdi
                0x0000000008000d38                __aeabi_d2ulz
 .text          0x0000000008000d74      0x2c8 C:/ST/STM32CubeIDE_1.14.1/STM32CubeIDE/plugins/com.st.stm32cube.ide.mcu.externaltools.gnu-tools-for-stm32.11.3.rel1.win32_1.1.100.202309141235/tools/bin/../lib/gcc/arm-none-eabi/11.3.1/thumb/v7e-m+fp/hard\libgcc.a(_udivmoddi4.o)
                0x0000000008000d74                __udivmoddi4
 .text          0x000000000800103c        0x4 C:/ST/STM32CubeIDE_1.14.1/STM32CubeIDE/plugins/com.st.stm32cube.ide.mcu.externaltools.gnu-tools-for-stm32.11.3.rel1.win32_1.1.100.202309141235/tools/bin/../lib/gcc/arm-none-eabi/11.3.1/thumb/v7e-m+fp/hard\libgcc.a(_dvmd_tls.o)
                0x000000000800103c                __aeabi_idiv0
                0x000000000800103c                __aeabi_ldiv0
 *(.text*)
 .text.MX_FDCAN1_Init
                0x0000000008001040       0x90 ./Core/Src/fdcan.o
                0x0000000008001040                MX_FDCAN1_Init
 .text.HAL_FDCAN_MspInit
                0x00000000080010d0       0xb8 ./Core/Src/fdcan.o
                0x00000000080010d0                HAL_FDCAN_MspInit
 .text.MX_GPIO_Init
                0x0000000008001188       0xf0 ./Core/Src/gpio.o
                0x0000000008001188                MX_GPIO_Init
 .text.MX_I2C4_Init
                0x0000000008001278       0x80 ./Core/Src/i2c.o
                0x0000000008001278                MX_I2C4_Init
 .text.HAL_I2C_MspInit
                0x00000000080012f8      0x110 ./Core/Src/i2c.o
                0x00000000080012f8                HAL_I2C_MspInit
 .text.main     0x0000000008001408      0x320 ./Core/Src/main.o
                0x0000000008001408                main
 .text.SystemClock_Config
                0x0000000008001728       0x96 ./Core/Src/main.o
                0x0000000008001728                SystemClock_Config
 .text.MPU6050_Init
                0x00000000080017be       0xba ./Core/Src/main.o
                0x00000000080017be                MPU6050_Init
 .text.Error_Handler
                0x0000000008001878        0xa ./Core/Src/main.o
                0x0000000008001878                Error_Handler
 .text._ZnwjPv  0x0000000008001882       0x18 ./Core/Src/main_impl.o
                0x0000000008001882                operator new(unsigned int, void*)
 .text._ZNSt16_Sp_counted_baseILN9__gnu_cxx12_Lock_policyE0EE15_M_add_ref_copyEv
                0x000000000800189a       0x1e ./Core/Src/main_impl.o
                0x000000000800189a                std::_Sp_counted_base<(__gnu_cxx::_Lock_policy)0>::_M_add_ref_copy()
 .text._ZNSt16_Sp_counted_baseILN9__gnu_cxx12_Lock_policyE0EE10_M_releaseEv
                0x00000000080018b8       0x60 ./Core/Src/main_impl.o
                0x00000000080018b8                std::_Sp_counted_base<(__gnu_cxx::_Lock_policy)0>::_M_release()
 .text._ZNSt9_Any_data9_M_accessEv
                0x0000000008001918       0x16 ./Core/Src/main_impl.o
                0x0000000008001918                std::_Any_data::_M_access()
 .text._ZNKSt9_Any_data9_M_accessEv
                0x000000000800192e       0x16 ./Core/Src/main_impl.o
                0x000000000800192e                std::_Any_data::_M_access() const
 .text._ZNSt14_Function_baseD2Ev
                0x0000000008001944       0x26 ./Core/Src/main_impl.o
                0x0000000008001944                std::_Function_base::~_Function_base()
                0x0000000008001944                std::_Function_base::~_Function_base()
 .text._ZNKSt14_Function_base8_M_emptyEv
                0x000000000800196a       0x22 ./Core/Src/main_impl.o
                0x000000000800196a                std::_Function_base::_M_empty() const
 .text._ZNSt8functionIFyvEED2Ev
                0x000000000800198c       0x1a ./Core/Src/main_impl.o
                0x000000000800198c                std::function<unsigned long long ()>::~function()
                0x000000000800198c                std::function<unsigned long long ()>::~function()
 .text._ZNSt8functionIFvvEED2Ev
                0x00000000080019a6       0x1a ./Core/Src/main_impl.o
                0x00000000080019a6                std::function<void ()>::~function()
                0x00000000080019a6                std::function<void ()>::~function()
 .text._ZN13UtilityConfigC2EOSt8functionIFyvEEOS0_IFvvEE
                0x00000000080019c0       0x2c ./Core/Src/main_impl.o
                0x00000000080019c0                UtilityConfig::UtilityConfig(std::function<unsigned long long ()>&&, std::function<void ()>&&)
                0x00000000080019c0                UtilityConfig::UtilityConfig(std::function<unsigned long long ()>&&, std::function<void ()>&&)
 .text._ZN17AbstractAllocatorC2EjR13UtilityConfig
                0x00000000080019ec       0x2c ./Core/Src/main_impl.o
                0x00000000080019ec                AbstractAllocator::AbstractAllocator(unsigned int, UtilityConfig&)
                0x00000000080019ec                AbstractAllocator::AbstractAllocator(unsigned int, UtilityConfig&)
 .text._Z7alloc_fP14CanardInstancej
                0x0000000008001a18       0x44 ./Core/Src/main_impl.o
                0x0000000008001a18                alloc_f(CanardInstance*, unsigned int)
 .text._Z6free_fP14CanardInstancePv
                0x0000000008001a5c       0x44 ./Core/Src/main_impl.o
                0x0000000008001a5c                free_f(CanardInstance*, void*)
 .text._ZN19AbstractCANProviderC2EjjjR13UtilityConfig
                0x0000000008001aa0       0x44 ./Core/Src/main_impl.o
                0x0000000008001aa0                AbstractCANProvider::AbstractCANProvider(unsigned int, unsigned int, unsigned int, UtilityConfig&)
                0x0000000008001aa0                AbstractCANProvider::AbstractCANProvider(unsigned int, unsigned int, unsigned int, UtilityConfig&)
 .text._ZN15CyphalInterfaceC2EhR13UtilityConfig
                0x0000000008001ae4       0x2e ./Core/Src/main_impl.o
                0x0000000008001ae4                CyphalInterface::CyphalInterface(unsigned char, UtilityConfig&)
                0x0000000008001ae4                CyphalInterface::CyphalInterface(unsigned char, UtilityConfig&)
 *fill*         0x0000000008001b12        0x2 
 .text._ZN5G4CANC2EP19FDCAN_HandleTypeDefjR13UtilityConfig
                0x0000000008001b14       0x38 ./Core/Src/main_impl.o
                0x0000000008001b14                G4CAN::G4CAN(FDCAN_HandleTypeDef*, unsigned int, UtilityConfig&)
                0x0000000008001b14                G4CAN::G4CAN(FDCAN_HandleTypeDef*, unsigned int, UtilityConfig&)
 .text._ZN15SystemAllocatorC2EjR13UtilityConfig
                0x0000000008001b4c       0x2c ./Core/Src/main_impl.o
                0x0000000008001b4c                SystemAllocator::SystemAllocator(unsigned int, UtilityConfig&)
                0x0000000008001b4c                SystemAllocator::SystemAllocator(unsigned int, UtilityConfig&)
 .text.nunavutChooseMin
                0x0000000008001b78       0x24 ./Core/Src/main_impl.o
 .text.nunavutSaturateBufferFragmentBitLength
                0x0000000008001b9c       0x34 ./Core/Src/main_impl.o
 .text.nunavutCopyBits
                0x0000000008001bd0      0x17a ./Core/Src/main_impl.o
 .text.nunavutSetUxx
                0x0000000008001d4a       0x4c ./Core/Src/main_impl.o
 .text.nunavutGetU32
                0x0000000008001d96       0x46 ./Core/Src/main_impl.o
 .text.nunavutGetF32
                0x0000000008001ddc       0x2c ./Core/Src/main_impl.o
 .text.uavcan_node_Health_1_0_deserialize_
                0x0000000008001e08       0x9c ./Core/Src/main_impl.o
 .text.uavcan_node_Mode_1_0_deserialize_
                0x0000000008001ea4       0x9c ./Core/Src/main_impl.o
 .text.uavcan_node_Heartbeat_1_0_deserialize_
                0x0000000008001f40      0x14c ./Core/Src/main_impl.o
 .text.uavcan_si_unit_angle_Scalar_1_0_deserialize_
                0x000000000800208c       0x88 ./Core/Src/main_impl.o
 .text.uavcan_si_unit_angular_acceleration_Scalar_1_0_deserialize_
                0x0000000008002114       0x88 ./Core/Src/main_impl.o
 .text.uavcan_si_unit_angular_velocity_Scalar_1_0_deserialize_
                0x000000000800219c       0x88 ./Core/Src/main_impl.o
 .text.reg_udral_physics_kinematics_rotation_Planar_0_1_deserialize_
                0x0000000008002224      0x15c ./Core/Src/main_impl.o
 .text.uavcan_si_unit_angular_velocity_Vector3_1_0_serialize_
                0x0000000008002380       0xb2 ./Core/Src/main_impl.o
 .text.uavcan_si_unit_velocity_Vector3_1_0_serialize_
                0x0000000008002432       0xb2 ./Core/Src/main_impl.o
 .text.reg_udral_physics_kinematics_cartesian_Twist_0_1_serialize_
                0x00000000080024e4      0x156 ./Core/Src/main_impl.o
 .text._ZNSt12__shared_ptrI15CyphalInterfaceLN9__gnu_cxx12_Lock_policyE0EED2Ev
                0x000000000800263a       0x1c ./Core/Src/main_impl.o
                0x000000000800263a                std::__shared_ptr<CyphalInterface, (__gnu_cxx::_Lock_policy)0>::~__shared_ptr()
                0x000000000800263a                std::__shared_ptr<CyphalInterface, (__gnu_cxx::_Lock_policy)0>::~__shared_ptr()
 .text._ZNSt14__shared_countILN9__gnu_cxx12_Lock_policyE0EEC1Ev
                0x0000000008002656       0x1c ./Core/Src/main_impl.o
                0x0000000008002656                std::__shared_count<(__gnu_cxx::_Lock_policy)0>::__shared_count()
 .text._Z13error_handlerv
                0x0000000008002672        0xc ./Core/Src/main_impl.o
                0x0000000008002672                error_handler()
 .text._Z9micros_64v
                0x000000000800267e       0x22 ./Core/Src/main_impl.o
                0x000000000800267e                micros_64()
 .text._ZNSt12__shared_ptrI15CyphalInterfaceLN9__gnu_cxx12_Lock_policyE0EEC2ERKS3_
                0x00000000080026a0       0x2c ./Core/Src/main_impl.o
                0x00000000080026a0                std::__shared_ptr<CyphalInterface, (__gnu_cxx::_Lock_policy)0>::__shared_ptr(std::__shared_ptr<CyphalInterface, (__gnu_cxx::_Lock_policy)0> const&)
                0x00000000080026a0                std::__shared_ptr<CyphalInterface, (__gnu_cxx::_Lock_policy)0>::__shared_ptr(std::__shared_ptr<CyphalInterface, (__gnu_cxx::_Lock_policy)0> const&)
 .text._ZNSt10shared_ptrI15CyphalInterfaceEC2ERKS1_
                0x00000000080026cc       0x20 ./Core/Src/main_impl.o
                0x00000000080026cc                std::shared_ptr<CyphalInterface>::shared_ptr(std::shared_ptr<CyphalInterface> const&)
                0x00000000080026cc                std::shared_ptr<CyphalInterface>::shared_ptr(std::shared_ptr<CyphalInterface> const&)
 .text._ZNSt10shared_ptrI15CyphalInterfaceED2Ev
                0x00000000080026ec       0x1a ./Core/Src/main_impl.o
                0x00000000080026ec                std::shared_ptr<CyphalInterface>::~shared_ptr()
                0x00000000080026ec                std::shared_ptr<CyphalInterface>::~shared_ptr()
 *fill*         0x0000000008002706        0x2 
 .text._ZN11HBeatReaderC2ESt10shared_ptrI15CyphalInterfaceE
                0x0000000008002708       0x48 ./Core/Src/main_impl.o
                0x0000000008002708                HBeatReader::HBeatReader(std::shared_ptr<CyphalInterface>)
                0x0000000008002708                HBeatReader::HBeatReader(std::shared_ptr<CyphalInterface>)
 .text._ZN11HBeatReader7handlerERK25uavcan_node_Heartbeat_1_0P16CanardRxTransfer
                0x0000000008002750       0x1e ./Core/Src/main_impl.o
                0x0000000008002750                HBeatReader::handler(uavcan_node_Heartbeat_1_0 const&, CanardRxTransfer*)
 *fill*         0x000000000800276e        0x2 
 .text._ZN8JSReaderC2ESt10shared_ptrI15CyphalInterfaceE
                0x0000000008002770       0x48 ./Core/Src/main_impl.o
                0x0000000008002770                JSReader::JSReader(std::shared_ptr<CyphalInterface>)
                0x0000000008002770                JSReader::JSReader(std::shared_ptr<CyphalInterface>)
 .text._ZN8JSReader7handlerERK48reg_udral_physics_kinematics_rotation_Planar_0_1P16CanardRxTransfer
                0x00000000080027b8       0x20 ./Core/Src/main_impl.o
                0x00000000080027b8                JSReader::handler(reg_udral_physics_kinematics_rotation_Planar_0_1 const&, CanardRxTransfer*)
 .text.send_IMU
                0x00000000080027d8       0x60 ./Core/Src/main_impl.o
                0x00000000080027d8                send_IMU
 .text.setup_cyphal
                0x0000000008002838       0xc0 ./Core/Src/main_impl.o
                0x0000000008002838                setup_cyphal
 .text.cyphal_loop
                0x00000000080028f8       0x1c ./Core/Src/main_impl.o
                0x00000000080028f8                cyphal_loop
 .text.cyphal_can_starter
                0x0000000008002914      0x164 ./Core/Src/main_impl.o
                0x0000000008002914                cyphal_can_starter
 .text._ZNSt16_Sp_counted_baseILN9__gnu_cxx12_Lock_policyE0EE10_M_destroyEv
                0x0000000008002a78       0x22 ./Core/Src/main_impl.o
                0x0000000008002a78                std::_Sp_counted_base<(__gnu_cxx::_Lock_policy)0>::_M_destroy()
 .text._ZNSt14_Function_baseC2Ev
                0x0000000008002a9a       0x26 ./Core/Src/main_impl.o
                0x0000000008002a9a                std::_Function_base::_Function_base()
                0x0000000008002a9a                std::_Function_base::_Function_base()
 .text._ZNSt8functionIFyvEEC2ERKS1_
                0x0000000008002ac0       0x56 ./Core/Src/main_impl.o
                0x0000000008002ac0                std::function<unsigned long long ()>::function(std::function<unsigned long long ()> const&)
                0x0000000008002ac0                std::function<unsigned long long ()>::function(std::function<unsigned long long ()> const&)
 .text._ZNSt8functionIFvvEEC2ERKS1_
                0x0000000008002b16       0x56 ./Core/Src/main_impl.o
                0x0000000008002b16                std::function<void ()>::function(std::function<void ()> const&)
                0x0000000008002b16                std::function<void ()>::function(std::function<void ()> const&)
 .text._ZNKSt10unique_ptrI17AbstractAllocatorSt14default_deleteIS0_EEcvbEv
                0x0000000008002b6c       0x22 ./Core/Src/main_impl.o
                0x0000000008002b6c                std::unique_ptr<AbstractAllocator, std::default_delete<AbstractAllocator> >::operator bool() const
 .text._ZNKSt10unique_ptrI17AbstractAllocatorSt14default_deleteIS0_EEptEv
                0x0000000008002b8e       0x18 ./Core/Src/main_impl.o
                0x0000000008002b8e                std::unique_ptr<AbstractAllocator, std::default_delete<AbstractAllocator> >::operator->() const
 .text._ZNSt5tupleIJP19AbstractCANProviderSt14default_deleteIS0_EEEC2ILb1ELb1EEEv
                0x0000000008002ba6       0x1a ./Core/Src/main_impl.o
                0x0000000008002ba6                std::tuple<AbstractCANProvider*, std::default_delete<AbstractCANProvider> >::tuple<true, true>()
                0x0000000008002ba6                std::tuple<AbstractCANProvider*, std::default_delete<AbstractCANProvider> >::tuple<true, true>()
 .text._ZNSt15__uniq_ptr_implI19AbstractCANProviderSt14default_deleteIS0_EEC2Ev
                0x0000000008002bc0       0x1a ./Core/Src/main_impl.o
                0x0000000008002bc0                std::__uniq_ptr_impl<AbstractCANProvider, std::default_delete<AbstractCANProvider> >::__uniq_ptr_impl()
                0x0000000008002bc0                std::__uniq_ptr_impl<AbstractCANProvider, std::default_delete<AbstractCANProvider> >::__uniq_ptr_impl()
 .text._ZNSt15__uniq_ptr_dataI19AbstractCANProviderSt14default_deleteIS0_ELb1ELb1EECI2St15__uniq_ptr_implIS0_S2_EEv
                0x0000000008002bda       0x1a ./Core/Src/main_impl.o
                0x0000000008002bda                std::__uniq_ptr_data<AbstractCANProvider, std::default_delete<AbstractCANProvider>, true, true>::__uniq_ptr_impl()
                0x0000000008002bda                std::__uniq_ptr_data<AbstractCANProvider, std::default_delete<AbstractCANProvider>, true, true>::__uniq_ptr_impl()
 .text._ZNSt10unique_ptrI19AbstractCANProviderSt14default_deleteIS0_EEC2IS2_vEEv
                0x0000000008002bf4       0x20 ./Core/Src/main_impl.o
                0x0000000008002bf4                std::unique_ptr<AbstractCANProvider, std::default_delete<AbstractCANProvider> >::unique_ptr<std::default_delete<AbstractCANProvider>, void>()
                0x0000000008002bf4                std::unique_ptr<AbstractCANProvider, std::default_delete<AbstractCANProvider> >::unique_ptr<std::default_delete<AbstractCANProvider>, void>()
 .text._ZNSt10unique_ptrI19AbstractCANProviderSt14default_deleteIS0_EED2Ev
                0x0000000008002c14       0x44 ./Core/Src/main_impl.o
                0x0000000008002c14                std::unique_ptr<AbstractCANProvider, std::default_delete<AbstractCANProvider> >::~unique_ptr()
                0x0000000008002c14                std::unique_ptr<AbstractCANProvider, std::default_delete<AbstractCANProvider> >::~unique_ptr()
 .text._ZNSt14__shared_countILN9__gnu_cxx12_Lock_policyE0EED2Ev
                0x0000000008002c58       0x24 ./Core/Src/main_impl.o
                0x0000000008002c58                std::__shared_count<(__gnu_cxx::_Lock_policy)0>::~__shared_count()
                0x0000000008002c58                std::__shared_count<(__gnu_cxx::_Lock_policy)0>::~__shared_count()
 .text._ZNSt8functionIFyvEEC2IRS0_vEEOT_
                0x0000000008002c7c       0x60 ./Core/Src/main_impl.o
                0x0000000008002c7c                std::function<unsigned long long ()>::function<unsigned long long (&)(), void>(unsigned long long (&)())
                0x0000000008002c7c                std::function<unsigned long long ()>::function<unsigned long long (&)(), void>(unsigned long long (&)())
 .text._ZNSt8functionIFvvEEC2IRS0_vEEOT_
                0x0000000008002cdc       0x60 ./Core/Src/main_impl.o
                0x0000000008002cdc                std::function<void ()>::function<void (&)(), void>(void (&)())
                0x0000000008002cdc                std::function<void ()>::function<void (&)(), void>(void (&)())
 .text._ZNSt14__shared_countILN9__gnu_cxx12_Lock_policyE0EEC2ERKS2_
                0x0000000008002d3c       0x2e ./Core/Src/main_impl.o
                0x0000000008002d3c                std::__shared_count<(__gnu_cxx::_Lock_policy)0>::__shared_count(std::__shared_count<(__gnu_cxx::_Lock_policy)0> const&)
                0x0000000008002d3c                std::__shared_count<(__gnu_cxx::_Lock_policy)0>::__shared_count(std::__shared_count<(__gnu_cxx::_Lock_policy)0> const&)
 .text._ZN20AbstractSubscriptionI5HBeatEC2ESt10shared_ptrI15CyphalInterfaceEt
                0x0000000008002d6a       0x3c ./Core/Src/main_impl.o
                0x0000000008002d6a                AbstractSubscription<HBeat>::AbstractSubscription(std::shared_ptr<CyphalInterface>, unsigned short)
                0x0000000008002d6a                AbstractSubscription<HBeat>::AbstractSubscription(std::shared_ptr<CyphalInterface>, unsigned short)
 .text._ZN20AbstractSubscriptionI6JS_msgEC2ESt10shared_ptrI15CyphalInterfaceEt
                0x0000000008002da6       0x3c ./Core/Src/main_impl.o
                0x0000000008002da6                AbstractSubscription<JS_msg>::AbstractSubscription(std::shared_ptr<CyphalInterface>, unsigned short)
                0x0000000008002da6                AbstractSubscription<JS_msg>::AbstractSubscription(std::shared_ptr<CyphalInterface>, unsigned short)
 .text._ZNKSt19__shared_ptr_accessI15CyphalInterfaceLN9__gnu_cxx12_Lock_policyE0ELb0ELb0EEptEv
                0x0000000008002de2       0x18 ./Core/Src/main_impl.o
                0x0000000008002de2                std::__shared_ptr_access<CyphalInterface, (__gnu_cxx::_Lock_policy)0, false, false>::operator->() const
 .text._ZNK15CyphalInterface23send_cyphal_default_msgI5TwistEEvPNT_4TypeEPhtS5_
                0x0000000008002dfa       0x34 ./Core/Src/main_impl.o
                0x0000000008002dfa                void CyphalInterface::send_cyphal_default_msg<Twist>(Twist::Type*, unsigned char*, unsigned short, unsigned char*) const
 .text._ZN15CyphalInterface6createI5G4CAN15SystemAllocatorJEEEPS_PSt4bytehNT_7HandlerEjDpOT1_R13UtilityConfig
                0x0000000008002e2e       0x82 ./Core/Src/main_impl.o
                0x0000000008002e2e                CyphalInterface* CyphalInterface::create<G4CAN, SystemAllocator>(std::byte*, unsigned char, G4CAN::Handler, unsigned int, , UtilityConfig&)
 .text._ZNSt10shared_ptrI15CyphalInterfaceEC2IS0_vEEPT_
                0x0000000008002eb0       0x1e ./Core/Src/main_impl.o
                0x0000000008002eb0                std::shared_ptr<CyphalInterface>::shared_ptr<CyphalInterface, void>(CyphalInterface*)
                0x0000000008002eb0                std::shared_ptr<CyphalInterface>::shared_ptr<CyphalInterface, void>(CyphalInterface*)
 .text._ZNSt10shared_ptrI15CyphalInterfaceEaSEOS1_
                0x0000000008002ece       0x26 ./Core/Src/main_impl.o
                0x0000000008002ece                std::shared_ptr<CyphalInterface>::operator=(std::shared_ptr<CyphalInterface>&&)
 .text._ZNSt16_Sp_counted_baseILN9__gnu_cxx12_Lock_policyE0EED2Ev
                0x0000000008002ef4       0x20 ./Core/Src/main_impl.o
                0x0000000008002ef4                std::_Sp_counted_base<(__gnu_cxx::_Lock_policy)0>::~_Sp_counted_base()
                0x0000000008002ef4                std::_Sp_counted_base<(__gnu_cxx::_Lock_policy)0>::~_Sp_counted_base()
 .text._ZNSt16_Sp_counted_baseILN9__gnu_cxx12_Lock_policyE0EED0Ev
                0x0000000008002f14       0x20 ./Core/Src/main_impl.o
                0x0000000008002f14                std::_Sp_counted_base<(__gnu_cxx::_Lock_policy)0>::~_Sp_counted_base()
 .text._ZNKSt8functionIFyvEEcvbEv
                0x0000000008002f34       0x20 ./Core/Src/main_impl.o
                0x0000000008002f34                std::function<unsigned long long ()>::operator bool() const
 .text._ZNKSt8functionIFvvEEcvbEv
                0x0000000008002f54       0x20 ./Core/Src/main_impl.o
                0x0000000008002f54                std::function<void ()>::operator bool() const
 .text._ZNKSt10unique_ptrI17AbstractAllocatorSt14default_deleteIS0_EE3getEv
                0x0000000008002f74       0x1a ./Core/Src/main_impl.o
                0x0000000008002f74                std::unique_ptr<AbstractAllocator, std::default_delete<AbstractAllocator> >::get() const
 .text._ZNSt11_Tuple_implILj0EJP19AbstractCANProviderSt14default_deleteIS0_EEEC2Ev
                0x0000000008002f8e       0x20 ./Core/Src/main_impl.o
                0x0000000008002f8e                std::_Tuple_impl<0u, AbstractCANProvider*, std::default_delete<AbstractCANProvider> >::_Tuple_impl()
                0x0000000008002f8e                std::_Tuple_impl<0u, AbstractCANProvider*, std::default_delete<AbstractCANProvider> >::_Tuple_impl()
 .text._ZNSt15__uniq_ptr_implI19AbstractCANProviderSt14default_deleteIS0_EE6_M_ptrEv
                0x0000000008002fae       0x1a ./Core/Src/main_impl.o
                0x0000000008002fae                std::__uniq_ptr_impl<AbstractCANProvider, std::default_delete<AbstractCANProvider> >::_M_ptr()
 .text._ZNSt10unique_ptrI19AbstractCANProviderSt14default_deleteIS0_EE11get_deleterEv
                0x0000000008002fc8       0x1a ./Core/Src/main_impl.o
                0x0000000008002fc8                std::unique_ptr<AbstractCANProvider, std::default_delete<AbstractCANProvider> >::get_deleter()
 .text._ZSt4moveIRP19AbstractCANProviderEONSt16remove_referenceIT_E4typeEOS4_
                0x0000000008002fe2       0x16 ./Core/Src/main_impl.o
                0x0000000008002fe2                std::remove_reference<AbstractCANProvider*&>::type&& std::move<AbstractCANProvider*&>(AbstractCANProvider*&)
 .text._ZNKSt14default_deleteI19AbstractCANProviderEclEPS0_
                0x0000000008002ff8       0x20 ./Core/Src/main_impl.o
                0x0000000008002ff8                std::default_delete<AbstractCANProvider>::operator()(AbstractCANProvider*) const
 .text._ZNSt14_Function_base13_Base_managerIPFyvEE21_M_not_empty_functionIS1_EEbPT_
                0x0000000008003018       0x20 ./Core/Src/main_impl.o
                0x0000000008003018                bool std::_Function_base::_Base_manager<unsigned long long (*)()>::_M_not_empty_function<unsigned long long ()>(unsigned long long (*)())
 .text._ZSt7forwardIRFyvEEOT_RNSt16remove_referenceIS2_E4typeE
                0x0000000008003038       0x16 ./Core/Src/main_impl.o
                0x0000000008003038                unsigned long long (&std::forward<unsigned long long (&)()>(std::remove_reference<unsigned long long (&)()>::type&))()
 .text._ZNSt14_Function_base13_Base_managerIPFyvEE15_M_init_functorIRS1_EEvRSt9_Any_dataOT_
                0x000000000800304e       0x24 ./Core/Src/main_impl.o
                0x000000000800304e                void std::_Function_base::_Base_manager<unsigned long long (*)()>::_M_init_functor<unsigned long long (&)()>(std::_Any_data&, unsigned long long (&)())
 .text._ZNSt17_Function_handlerIFyvEPS0_E9_M_invokeERKSt9_Any_data
                0x0000000008003072       0x24 ./Core/Src/main_impl.o
                0x0000000008003072                std::_Function_handler<unsigned long long (), unsigned long long (*)()>::_M_invoke(std::_Any_data const&)
 .text._ZNSt17_Function_handlerIFyvEPS0_E10_M_managerERSt9_Any_dataRKS3_St18_Manager_operation
                0x0000000008003096       0x3e ./Core/Src/main_impl.o
                0x0000000008003096                std::_Function_handler<unsigned long long (), unsigned long long (*)()>::_M_manager(std::_Any_data&, std::_Any_data const&, std::_Manager_operation)
 .text._ZNSt14_Function_base13_Base_managerIPFvvEE21_M_not_empty_functionIS1_EEbPT_
                0x00000000080030d4       0x20 ./Core/Src/main_impl.o
                0x00000000080030d4                bool std::_Function_base::_Base_manager<void (*)()>::_M_not_empty_function<void ()>(void (*)())
 .text._ZSt7forwardIRFvvEEOT_RNSt16remove_referenceIS2_E4typeE
                0x00000000080030f4       0x16 ./Core/Src/main_impl.o
                0x00000000080030f4                void (&std::forward<void (&)()>(std::remove_reference<void (&)()>::type&))()
 .text._ZNSt14_Function_base13_Base_managerIPFvvEE15_M_init_functorIRS1_EEvRSt9_Any_dataOT_
                0x000000000800310a       0x24 ./Core/Src/main_impl.o
                0x000000000800310a                void std::_Function_base::_Base_manager<void (*)()>::_M_init_functor<void (&)()>(std::_Any_data&, void (&)())
 .text._ZNSt17_Function_handlerIFvvEPS0_E9_M_invokeERKSt9_Any_data
                0x000000000800312e       0x1e ./Core/Src/main_impl.o
                0x000000000800312e                std::_Function_handler<void (), void (*)()>::_M_invoke(std::_Any_data const&)
 .text._ZNSt17_Function_handlerIFvvEPS0_E10_M_managerERSt9_Any_dataRKS3_St18_Manager_operation
                0x000000000800314c       0x3e ./Core/Src/main_impl.o
                0x000000000800314c                std::_Function_handler<void (), void (*)()>::_M_manager(std::_Any_data&, std::_Any_data const&, std::_Manager_operation)
 *fill*         0x000000000800318a        0x2 
 .text._ZN9IListenerIP16CanardRxTransferEC2Ev
                0x000000000800318c       0x20 ./Core/Src/main_impl.o
                0x000000000800318c                IListener<CanardRxTransfer*>::IListener()
                0x000000000800318c                IListener<CanardRxTransfer*>::IListener()
 .text._ZN20AbstractSubscriptionI5HBeatEC2ESt10shared_ptrI15CyphalInterfaceEt18CanardTransferKind
                0x00000000080031ac       0x5c ./Core/Src/main_impl.o
                0x00000000080031ac                AbstractSubscription<HBeat>::AbstractSubscription(std::shared_ptr<CyphalInterface>, unsigned short, CanardTransferKind)
                0x00000000080031ac                AbstractSubscription<HBeat>::AbstractSubscription(std::shared_ptr<CyphalInterface>, unsigned short, CanardTransferKind)
 .text._ZN20AbstractSubscriptionI6JS_msgEC2ESt10shared_ptrI15CyphalInterfaceEt18CanardTransferKind
                0x0000000008003208       0x5c ./Core/Src/main_impl.o
                0x0000000008003208                AbstractSubscription<JS_msg>::AbstractSubscription(std::shared_ptr<CyphalInterface>, unsigned short, CanardTransferKind)
                0x0000000008003208                AbstractSubscription<JS_msg>::AbstractSubscription(std::shared_ptr<CyphalInterface>, unsigned short, CanardTransferKind)
 .text._ZNKSt19__shared_ptr_accessI15CyphalInterfaceLN9__gnu_cxx12_Lock_policyE0ELb0ELb0EE6_M_getEv
                0x0000000008003264       0x18 ./Core/Src/main_impl.o
                0x0000000008003264                std::__shared_ptr_access<CyphalInterface, (__gnu_cxx::_Lock_policy)0, false, false>::_M_get() const
 .text._ZNK15CyphalInterface11send_cyphalI5TwistEEvPNT_4TypeEPhtS5_14CanardPriority18CanardTransferKindh
                0x000000000800327c       0x9c ./Core/Src/main_impl.o
                0x000000000800327c                void CyphalInterface::send_cyphal<Twist>(Twist::Type*, unsigned char*, unsigned short, unsigned char*, CanardPriority, CanardTransferKind, unsigned char) const
 .text._ZN5G4CAN6createI15SystemAllocatorJEEEPS_PPSt4byteP19FDCAN_HandleTypeDefhjDpOT0_R13UtilityConfig
                0x0000000008003318       0x7a ./Core/Src/main_impl.o
                0x0000000008003318                G4CAN* G4CAN::create<SystemAllocator>(std::byte**, FDCAN_HandleTypeDef*, unsigned char, unsigned int, , UtilityConfig&)
 .text._ZNSt15__uniq_ptr_dataI5G4CANSt14default_deleteIS0_ELb1ELb1EECI2St15__uniq_ptr_implIS0_S2_EEPS0_
                0x0000000008003392       0x20 ./Core/Src/main_impl.o
                0x0000000008003392                std::__uniq_ptr_data<G4CAN, std::default_delete<G4CAN>, true, true>::__uniq_ptr_impl(G4CAN*)
                0x0000000008003392                std::__uniq_ptr_data<G4CAN, std::default_delete<G4CAN>, true, true>::__uniq_ptr_impl(G4CAN*)
 .text._ZNSt10unique_ptrI5G4CANSt14default_deleteIS0_EEC2IS2_vEEPS0_
                0x00000000080033b2       0x1e ./Core/Src/main_impl.o
                0x00000000080033b2                std::unique_ptr<G4CAN, std::default_delete<G4CAN> >::unique_ptr<std::default_delete<G4CAN>, void>(G4CAN*)
                0x00000000080033b2                std::unique_ptr<G4CAN, std::default_delete<G4CAN> >::unique_ptr<std::default_delete<G4CAN>, void>(G4CAN*)
 .text._ZNSt10unique_ptrI5G4CANSt14default_deleteIS0_EED2Ev
                0x00000000080033d0       0x44 ./Core/Src/main_impl.o
                0x00000000080033d0                std::unique_ptr<G4CAN, std::default_delete<G4CAN> >::~unique_ptr()
                0x00000000080033d0                std::unique_ptr<G4CAN, std::default_delete<G4CAN> >::~unique_ptr()
 .text._ZSt4moveIRSt10unique_ptrI5G4CANSt14default_deleteIS1_EEEONSt16remove_referenceIT_E4typeEOS7_
                0x0000000008003414       0x16 ./Core/Src/main_impl.o
                0x0000000008003414                std::remove_reference<std::unique_ptr<G4CAN, std::default_delete<G4CAN> >&>::type&& std::move<std::unique_ptr<G4CAN, std::default_delete<G4CAN> >&>(std::unique_ptr<G4CAN, std::default_delete<G4CAN> >&)
 .text._ZNSt10unique_ptrI19AbstractCANProviderSt14default_deleteIS0_EEaSI5G4CANS1_IS5_EEENSt9enable_ifIXsrSt6__and_IJS8_IJSt14is_convertibleINS_IT_T0_E7pointerEPS0_ESt6__not_ISt8is_arrayISA_EEEESt13is_assignableIRS2_OSB_EEE5valueERS3_E4typeEOSC_
                0x000000000800342a       0x46 ./Core/Src/main_impl.o
                0x000000000800342a                std::enable_if<std::__and_<std::__and_<std::is_convertible<std::unique_ptr<G4CAN, std::default_delete<G4CAN> >::pointer, AbstractCANProvider*>, std::__not_<std::is_array<G4CAN> > >, std::is_assignable<std::default_delete<AbstractCANProvider>&, std::default_delete<G4CAN>&&> >::value, std::unique_ptr<AbstractCANProvider, std::default_delete<AbstractCANProvider> >&>::type std::unique_ptr<AbstractCANProvider, std::default_delete<AbstractCANProvider> >::operator=<G4CAN, std::default_delete<G4CAN> >(std::unique_ptr<G4CAN, std::default_delete<G4CAN> >&&)
 .text._ZNSt12__shared_ptrI15CyphalInterfaceLN9__gnu_cxx12_Lock_policyE0EEC2IS0_vEEPT_
                0x0000000008003470       0x30 ./Core/Src/main_impl.o
                0x0000000008003470                std::__shared_ptr<CyphalInterface, (__gnu_cxx::_Lock_policy)0>::__shared_ptr<CyphalInterface, void>(CyphalInterface*)
                0x0000000008003470                std::__shared_ptr<CyphalInterface, (__gnu_cxx::_Lock_policy)0>::__shared_ptr<CyphalInterface, void>(CyphalInterface*)
 .text._ZSt4moveIRSt10shared_ptrI15CyphalInterfaceEEONSt16remove_referenceIT_E4typeEOS5_
                0x00000000080034a0       0x16 ./Core/Src/main_impl.o
                0x00000000080034a0                std::remove_reference<std::shared_ptr<CyphalInterface>&>::type&& std::move<std::shared_ptr<CyphalInterface>&>(std::shared_ptr<CyphalInterface>&)
 .text._ZNSt12__shared_ptrI15CyphalInterfaceLN9__gnu_cxx12_Lock_policyE0EEaSEOS3_
                0x00000000080034b6       0x3e ./Core/Src/main_impl.o
                0x00000000080034b6                std::__shared_ptr<CyphalInterface, (__gnu_cxx::_Lock_policy)0>::operator=(std::__shared_ptr<CyphalInterface, (__gnu_cxx::_Lock_policy)0>&&)
 .text._ZNKSt15__uniq_ptr_implI17AbstractAllocatorSt14default_deleteIS0_EE6_M_ptrEv
                0x00000000080034f4       0x1c ./Core/Src/main_impl.o
                0x00000000080034f4                std::__uniq_ptr_impl<AbstractAllocator, std::default_delete<AbstractAllocator> >::_M_ptr() const
 .text._ZNSt11_Tuple_implILj1EJSt14default_deleteI19AbstractCANProviderEEEC2Ev
                0x0000000008003510       0x18 ./Core/Src/main_impl.o
                0x0000000008003510                std::_Tuple_impl<1u, std::default_delete<AbstractCANProvider> >::_Tuple_impl()
                0x0000000008003510                std::_Tuple_impl<1u, std::default_delete<AbstractCANProvider> >::_Tuple_impl()
 .text._ZNSt10_Head_baseILj0EP19AbstractCANProviderLb0EEC2Ev
                0x0000000008003528       0x1c ./Core/Src/main_impl.o
                0x0000000008003528                std::_Head_base<0u, AbstractCANProvider*, false>::_Head_base()
                0x0000000008003528                std::_Head_base<0u, AbstractCANProvider*, false>::_Head_base()
 .text._ZSt3getILj0EJP19AbstractCANProviderSt14default_deleteIS0_EEERNSt13tuple_elementIXT_ESt5tupleIJDpT0_EEE4typeERS8_
                0x0000000008003544       0x1a ./Core/Src/main_impl.o
                0x0000000008003544                std::tuple_element<0u, std::tuple<AbstractCANProvider*, std::default_delete<AbstractCANProvider> > >::type& std::get<0u, AbstractCANProvider*, std::default_delete<AbstractCANProvider> >(std::tuple<AbstractCANProvider*, std::default_delete<AbstractCANProvider> >&)
 .text._ZNSt15__uniq_ptr_implI19AbstractCANProviderSt14default_deleteIS0_EE10_M_deleterEv
                0x000000000800355e       0x1a ./Core/Src/main_impl.o
                0x000000000800355e                std::__uniq_ptr_impl<AbstractCANProvider, std::default_delete<AbstractCANProvider> >::_M_deleter()
 .text._ZNSt14_Function_base13_Base_managerIPFyvEE9_M_createIRS1_EEvRSt9_Any_dataOT_St17integral_constantIbLb1EE
                0x0000000008003578       0x30 ./Core/Src/main_impl.o
                0x0000000008003578                void std::_Function_base::_Base_manager<unsigned long long (*)()>::_M_create<unsigned long long (&)()>(std::_Any_data&, unsigned long long (&)(), std::integral_constant<bool, true>)
 .text._ZNSt14_Function_base13_Base_managerIPFyvEE14_M_get_pointerERKSt9_Any_data
                0x00000000080035a8       0x20 ./Core/Src/main_impl.o
                0x00000000080035a8                std::_Function_base::_Base_manager<unsigned long long (*)()>::_M_get_pointer(std::_Any_data const&)
 .text._ZSt10__invoke_rIyRPFyvEJEENSt9enable_ifIX16is_invocable_r_vIT_T0_DpT1_EES4_E4typeEOS5_DpOS6_
                0x00000000080035c8       0x26 ./Core/Src/main_impl.o
                0x00000000080035c8                std::enable_if<is_invocable_r_v<unsigned long long, unsigned long long (*&)()>, unsigned long long>::type std::__invoke_r<unsigned long long, unsigned long long (*&)()>(unsigned long long (*&)())
 .text._ZNSt9_Any_data9_M_accessIPPFyvEEERT_v
                0x00000000080035ee       0x18 ./Core/Src/main_impl.o
                0x00000000080035ee                unsigned long long (**&std::_Any_data::_M_access<unsigned long long (**)()>())()
 *fill*         0x0000000008003606        0x2 
 .text._ZNSt14_Function_base13_Base_managerIPFyvEE10_M_managerERSt9_Any_dataRKS4_St18_Manager_operation
                0x0000000008003608       0x74 ./Core/Src/main_impl.o
                0x0000000008003608                std::_Function_base::_Base_manager<unsigned long long (*)()>::_M_manager(std::_Any_data&, std::_Any_data const&, std::_Manager_operation)
 .text._ZNSt14_Function_base13_Base_managerIPFvvEE9_M_createIRS1_EEvRSt9_Any_dataOT_St17integral_constantIbLb1EE
                0x000000000800367c       0x30 ./Core/Src/main_impl.o
                0x000000000800367c                void std::_Function_base::_Base_manager<void (*)()>::_M_create<void (&)()>(std::_Any_data&, void (&)(), std::integral_constant<bool, true>)
 .text._ZNSt14_Function_base13_Base_managerIPFvvEE14_M_get_pointerERKSt9_Any_data
                0x00000000080036ac       0x20 ./Core/Src/main_impl.o
                0x00000000080036ac                std::_Function_base::_Base_manager<void (*)()>::_M_get_pointer(std::_Any_data const&)
 .text._ZSt10__invoke_rIvRPFvvEJEENSt9enable_ifIX16is_invocable_r_vIT_T0_DpT1_EES4_E4typeEOS5_DpOS6_
                0x00000000080036cc       0x20 ./Core/Src/main_impl.o
                0x00000000080036cc                std::enable_if<is_invocable_r_v<void, void (*&)()>, void>::type std::__invoke_r<void, void (*&)()>(void (*&)())
 .text._ZNSt9_Any_data9_M_accessIPPFvvEEERT_v
                0x00000000080036ec       0x18 ./Core/Src/main_impl.o
                0x00000000080036ec                void (**&std::_Any_data::_M_access<void (**)()>())()
 .text._ZNSt14_Function_base13_Base_managerIPFvvEE10_M_managerERSt9_Any_dataRKS4_St18_Manager_operation
                0x0000000008003704       0x74 ./Core/Src/main_impl.o
                0x0000000008003704                std::_Function_base::_Base_manager<void (*)()>::_M_manager(std::_Any_data&, std::_Any_data const&, std::_Manager_operation)
 .text._ZN20AbstractSubscriptionI5HBeatE9subscribeEt18CanardTransferKind
                0x0000000008003778       0x3c ./Core/Src/main_impl.o
                0x0000000008003778                AbstractSubscription<HBeat>::subscribe(unsigned short, CanardTransferKind)
 .text._ZN20AbstractSubscriptionI6JS_msgE9subscribeEt18CanardTransferKind
                0x00000000080037b4       0x3c ./Core/Src/main_impl.o
                0x00000000080037b4                AbstractSubscription<JS_msg>::subscribe(unsigned short, CanardTransferKind)
 .text._ZNKSt12__shared_ptrI15CyphalInterfaceLN9__gnu_cxx12_Lock_policyE0EE3getEv
                0x00000000080037f0       0x18 ./Core/Src/main_impl.o
                0x00000000080037f0                std::__shared_ptr<CyphalInterface, (__gnu_cxx::_Lock_policy)0>::get() const
 .text._ZNKSt8functionIFvvEEclEv
                0x0000000008003808       0x2c ./Core/Src/main_impl.o
                0x0000000008003808                std::function<void ()>::operator()() const
 .text._ZNKSt8functionIFyvEEclEv
                0x0000000008003834       0x32 ./Core/Src/main_impl.o
                0x0000000008003834                std::function<unsigned long long ()>::operator()() const
 *fill*         0x0000000008003866        0x2 
 .text._ZN19AbstractCANProvider5setupI15SystemAllocatorEEvPT_h
                0x0000000008003868       0x88 ./Core/Src/main_impl.o
                0x0000000008003868                void AbstractCANProvider::setup<SystemAllocator>(SystemAllocator*, unsigned char)
 .text._ZNSt15__uniq_ptr_implI5G4CANSt14default_deleteIS0_EEC2EPS0_
                0x00000000080038f0       0x28 ./Core/Src/main_impl.o
                0x00000000080038f0                std::__uniq_ptr_impl<G4CAN, std::default_delete<G4CAN> >::__uniq_ptr_impl(G4CAN*)
                0x00000000080038f0                std::__uniq_ptr_impl<G4CAN, std::default_delete<G4CAN> >::__uniq_ptr_impl(G4CAN*)
 .text._ZNSt15__uniq_ptr_implI5G4CANSt14default_deleteIS0_EE6_M_ptrEv
                0x0000000008003918       0x1a ./Core/Src/main_impl.o
                0x0000000008003918                std::__uniq_ptr_impl<G4CAN, std::default_delete<G4CAN> >::_M_ptr()
 .text._ZNSt10unique_ptrI5G4CANSt14default_deleteIS0_EE11get_deleterEv
                0x0000000008003932       0x1a ./Core/Src/main_impl.o
                0x0000000008003932                std::unique_ptr<G4CAN, std::default_delete<G4CAN> >::get_deleter()
 .text._ZSt4moveIRP5G4CANEONSt16remove_referenceIT_E4typeEOS4_
                0x000000000800394c       0x16 ./Core/Src/main_impl.o
                0x000000000800394c                std::remove_reference<G4CAN*&>::type&& std::move<G4CAN*&>(G4CAN*&)
 .text._ZNKSt14default_deleteI5G4CANEclEPS0_
                0x0000000008003962       0x20 ./Core/Src/main_impl.o
                0x0000000008003962                std::default_delete<G4CAN>::operator()(G4CAN*) const
 .text._ZNSt10unique_ptrI19AbstractCANProviderSt14default_deleteIS0_EE5resetEPS0_
                0x0000000008003982       0x28 ./Core/Src/main_impl.o
                0x0000000008003982                std::unique_ptr<AbstractCANProvider, std::default_delete<AbstractCANProvider> >::reset(AbstractCANProvider*)
 .text._ZNSt10unique_ptrI5G4CANSt14default_deleteIS0_EE7releaseEv
                0x00000000080039aa       0x1a ./Core/Src/main_impl.o
                0x00000000080039aa                std::unique_ptr<G4CAN, std::default_delete<G4CAN> >::release()
 .text._ZSt7forwardISt14default_deleteI5G4CANEEOT_RNSt16remove_referenceIS3_E4typeE
                0x00000000080039c4       0x16 ./Core/Src/main_impl.o
                0x00000000080039c4                std::default_delete<G4CAN>&& std::forward<std::default_delete<G4CAN> >(std::remove_reference<std::default_delete<G4CAN> >::type&)
 .text._ZNSt14default_deleteI19AbstractCANProviderEC2I5G4CANvEERKS_IT_E
                0x00000000080039da       0x18 ./Core/Src/main_impl.o
                0x00000000080039da                std::default_delete<AbstractCANProvider>::default_delete<G4CAN, void>(std::default_delete<G4CAN> const&)
                0x00000000080039da                std::default_delete<AbstractCANProvider>::default_delete<G4CAN, void>(std::default_delete<G4CAN> const&)
 .text._ZNSt14__shared_countILN9__gnu_cxx12_Lock_policyE0EEC2IP15CyphalInterfaceEET_St17integral_constantIbLb0EE
                0x00000000080039f2       0x1e ./Core/Src/main_impl.o
                0x00000000080039f2                std::__shared_count<(__gnu_cxx::_Lock_policy)0>::__shared_count<CyphalInterface*>(CyphalInterface*, std::integral_constant<bool, false>)
                0x00000000080039f2                std::__shared_count<(__gnu_cxx::_Lock_policy)0>::__shared_count<CyphalInterface*>(CyphalInterface*, std::integral_constant<bool, false>)
 .text._ZNSt12__shared_ptrI15CyphalInterfaceLN9__gnu_cxx12_Lock_policyE0EE31_M_enable_shared_from_this_withIS0_S0_EENSt9enable_ifIXntsrNS3_15__has_esft_baseIT0_vEE5valueEvE4typeEPT_
                0x0000000008003a10       0x16 ./Core/Src/main_impl.o
                0x0000000008003a10                std::enable_if<!std::__shared_ptr<CyphalInterface, (__gnu_cxx::_Lock_policy)0>::__has_esft_base<CyphalInterface, void>::value, void>::type std::__shared_ptr<CyphalInterface, (__gnu_cxx::_Lock_policy)0>::_M_enable_shared_from_this_with<CyphalInterface, CyphalInterface>(CyphalInterface*)
 .text._ZSt4moveIRSt12__shared_ptrI15CyphalInterfaceLN9__gnu_cxx12_Lock_policyE0EEEONSt16remove_referenceIT_E4typeEOS7_
                0x0000000008003a26       0x16 ./Core/Src/main_impl.o
                0x0000000008003a26                std::remove_reference<std::__shared_ptr<CyphalInterface, (__gnu_cxx::_Lock_policy)0>&>::type&& std::move<std::__shared_ptr<CyphalInterface, (__gnu_cxx::_Lock_policy)0>&>(std::__shared_ptr<CyphalInterface, (__gnu_cxx::_Lock_policy)0>&)
 .text._ZNSt12__shared_ptrI15CyphalInterfaceLN9__gnu_cxx12_Lock_policyE0EEC2EOS3_
                0x0000000008003a3c       0x3c ./Core/Src/main_impl.o
                0x0000000008003a3c                std::__shared_ptr<CyphalInterface, (__gnu_cxx::_Lock_policy)0>::__shared_ptr(std::__shared_ptr<CyphalInterface, (__gnu_cxx::_Lock_policy)0>&&)
                0x0000000008003a3c                std::__shared_ptr<CyphalInterface, (__gnu_cxx::_Lock_policy)0>::__shared_ptr(std::__shared_ptr<CyphalInterface, (__gnu_cxx::_Lock_policy)0>&&)
 .text._ZNSt12__shared_ptrI15CyphalInterfaceLN9__gnu_cxx12_Lock_policyE0EE4swapERS3_
                0x0000000008003a78       0x2e ./Core/Src/main_impl.o
                0x0000000008003a78                std::__shared_ptr<CyphalInterface, (__gnu_cxx::_Lock_policy)0>::swap(std::__shared_ptr<CyphalInterface, (__gnu_cxx::_Lock_policy)0>&)
 .text._ZSt3getILj0EJP17AbstractAllocatorSt14default_deleteIS0_EEERKNSt13tuple_elementIXT_ESt5tupleIJDpT0_EEE4typeERKS8_
                0x0000000008003aa6       0x1a ./Core/Src/main_impl.o
                0x0000000008003aa6                std::tuple_element<0u, std::tuple<AbstractAllocator*, std::default_delete<AbstractAllocator> > >::type const& std::get<0u, AbstractAllocator*, std::default_delete<AbstractAllocator> >(std::tuple<AbstractAllocator*, std::default_delete<AbstractAllocator> > const&)
 .text._ZNSt10_Head_baseILj1ESt14default_deleteI19AbstractCANProviderELb1EEC2Ev
                0x0000000008003ac0       0x16 ./Core/Src/main_impl.o
                0x0000000008003ac0                std::_Head_base<1u, std::default_delete<AbstractCANProvider>, true>::_Head_base()
                0x0000000008003ac0                std::_Head_base<1u, std::default_delete<AbstractCANProvider>, true>::_Head_base()
 .text._ZSt12__get_helperILj0EP19AbstractCANProviderJSt14default_deleteIS0_EEERT0_RSt11_Tuple_implIXT_EJS4_DpT1_EE
                0x0000000008003ad6       0x18 ./Core/Src/main_impl.o
                0x0000000008003ad6                AbstractCANProvider*& std::__get_helper<0u, AbstractCANProvider*, std::default_delete<AbstractCANProvider> >(std::_Tuple_impl<0u, AbstractCANProvider*, std::default_delete<AbstractCANProvider> >&)
 .text._ZSt3getILj1EJP19AbstractCANProviderSt14default_deleteIS0_EEERNSt13tuple_elementIXT_ESt5tupleIJDpT0_EEE4typeERS8_
                0x0000000008003aee       0x18 ./Core/Src/main_impl.o
                0x0000000008003aee                std::tuple_element<1u, std::tuple<AbstractCANProvider*, std::default_delete<AbstractCANProvider> > >::type& std::get<1u, AbstractCANProvider*, std::default_delete<AbstractCANProvider> >(std::tuple<AbstractCANProvider*, std::default_delete<AbstractCANProvider> >&)
 .text._ZNKSt9_Any_data9_M_accessIPFyvEEERKT_v
                0x0000000008003b06       0x18 ./Core/Src/main_impl.o
                0x0000000008003b06                unsigned long long (* const&std::_Any_data::_M_access<unsigned long long (*)()>() const)()
 .text._ZSt11__addressofIKPFyvEEPT_RS3_
                0x0000000008003b1e       0x16 ./Core/Src/main_impl.o
                0x0000000008003b1e                unsigned long long (* const*std::__addressof<unsigned long long (* const)()>(unsigned long long (* const&)()))()
 .text._ZSt7forwardIRPFyvEEOT_RNSt16remove_referenceIS3_E4typeE
                0x0000000008003b34       0x16 ./Core/Src/main_impl.o
                0x0000000008003b34                unsigned long long (*&std::forward<unsigned long long (*&)()>(std::remove_reference<unsigned long long (*&)()>::type&))()
 .text._ZSt13__invoke_implIyRPFyvEJEET_St14__invoke_otherOT0_DpOT1_
                0x0000000008003b4a       0x24 ./Core/Src/main_impl.o
                0x0000000008003b4a                unsigned long long std::__invoke_impl<unsigned long long, unsigned long long (*&)()>(std::__invoke_other, unsigned long long (*&)())
 .text._ZNSt9_Any_data9_M_accessIPKSt9type_infoEERT_v
                0x0000000008003b6e       0x18 ./Core/Src/main_impl.o
                0x0000000008003b6e                std::type_info const*& std::_Any_data::_M_access<std::type_info const*>()
 .text._ZNSt14_Function_base13_Base_managerIPFyvEE15_M_init_functorIRKS2_EEvRSt9_Any_dataOT_
                0x0000000008003b86       0x24 ./Core/Src/main_impl.o
                0x0000000008003b86                void std::_Function_base::_Base_manager<unsigned long long (*)()>::_M_init_functor<unsigned long long (* const&)()>(std::_Any_data&, unsigned long long (* const&)())
 .text._ZNSt14_Function_base13_Base_managerIPFyvEE10_M_destroyERSt9_Any_dataSt17integral_constantIbLb1EE
                0x0000000008003baa       0x18 ./Core/Src/main_impl.o
                0x0000000008003baa                std::_Function_base::_Base_manager<unsigned long long (*)()>::_M_destroy(std::_Any_data&, std::integral_constant<bool, true>)
 .text._ZNKSt9_Any_data9_M_accessIPFvvEEERKT_v
                0x0000000008003bc2       0x18 ./Core/Src/main_impl.o
                0x0000000008003bc2                void (* const&std::_Any_data::_M_access<void (*)()>() const)()
 .text._ZSt11__addressofIKPFvvEEPT_RS3_
                0x0000000008003bda       0x16 ./Core/Src/main_impl.o
                0x0000000008003bda                void (* const*std::__addressof<void (* const)()>(void (* const&)()))()
 .text._ZSt7forwardIRPFvvEEOT_RNSt16remove_referenceIS3_E4typeE
                0x0000000008003bf0       0x16 ./Core/Src/main_impl.o
                0x0000000008003bf0                void (*&std::forward<void (*&)()>(std::remove_reference<void (*&)()>::type&))()
 .text._ZSt13__invoke_implIvRPFvvEJEET_St14__invoke_otherOT0_DpOT1_
                0x0000000008003c06       0x1e ./Core/Src/main_impl.o
                0x0000000008003c06                void std::__invoke_impl<void, void (*&)()>(std::__invoke_other, void (*&)())
 .text._ZNSt14_Function_base13_Base_managerIPFvvEE15_M_init_functorIRKS2_EEvRSt9_Any_dataOT_
                0x0000000008003c24       0x24 ./Core/Src/main_impl.o
                0x0000000008003c24                void std::_Function_base::_Base_manager<void (*)()>::_M_init_functor<void (* const&)()>(std::_Any_data&, void (* const&)())
 .text._ZNSt14_Function_base13_Base_managerIPFvvEE10_M_destroyERSt9_Any_dataSt17integral_constantIbLb1EE
                0x0000000008003c48       0x18 ./Core/Src/main_impl.o
                0x0000000008003c48                std::_Function_base::_Base_manager<void (*)()>::_M_destroy(std::_Any_data&, std::integral_constant<bool, true>)
 .text._ZNSt15__uniq_ptr_dataI15SystemAllocatorSt14default_deleteIS0_ELb1ELb1EECI2St15__uniq_ptr_implIS0_S2_EEPS0_
                0x0000000008003c60       0x20 ./Core/Src/main_impl.o
                0x0000000008003c60                std::__uniq_ptr_data<SystemAllocator, std::default_delete<SystemAllocator>, true, true>::__uniq_ptr_impl(SystemAllocator*)
                0x0000000008003c60                std::__uniq_ptr_data<SystemAllocator, std::default_delete<SystemAllocator>, true, true>::__uniq_ptr_impl(SystemAllocator*)
 .text._ZNSt10unique_ptrI15SystemAllocatorSt14default_deleteIS0_EEC2IS2_vEEPS0_
                0x0000000008003c80       0x1e ./Core/Src/main_impl.o
                0x0000000008003c80                std::unique_ptr<SystemAllocator, std::default_delete<SystemAllocator> >::unique_ptr<std::default_delete<SystemAllocator>, void>(SystemAllocator*)
                0x0000000008003c80                std::unique_ptr<SystemAllocator, std::default_delete<SystemAllocator> >::unique_ptr<std::default_delete<SystemAllocator>, void>(SystemAllocator*)
 .text._ZNSt10unique_ptrI15SystemAllocatorSt14default_deleteIS0_EED2Ev
                0x0000000008003c9e       0x44 ./Core/Src/main_impl.o
                0x0000000008003c9e                std::unique_ptr<SystemAllocator, std::default_delete<SystemAllocator> >::~unique_ptr()
                0x0000000008003c9e                std::unique_ptr<SystemAllocator, std::default_delete<SystemAllocator> >::~unique_ptr()
 .text._ZNSt10unique_ptrI17AbstractAllocatorSt14default_deleteIS0_EEaSI15SystemAllocatorS1_IS5_EEENSt9enable_ifIXsrSt6__and_IJS8_IJSt14is_convertibleINS_IT_T0_E7pointerEPS0_ESt6__not_ISt8is_arrayISA_EEEESt13is_assignableIRS2_OSB_EEE5valueERS3_E4typeEOSC_
                0x0000000008003ce2       0x46 ./Core/Src/main_impl.o
                0x0000000008003ce2                std::enable_if<std::__and_<std::__and_<std::is_convertible<std::unique_ptr<SystemAllocator, std::default_delete<SystemAllocator> >::pointer, AbstractAllocator*>, std::__not_<std::is_array<SystemAllocator> > >, std::is_assignable<std::default_delete<AbstractAllocator>&, std::default_delete<SystemAllocator>&&> >::value, std::unique_ptr<AbstractAllocator, std::default_delete<AbstractAllocator> >&>::type std::unique_ptr<AbstractAllocator, std::default_delete<AbstractAllocator> >::operator=<SystemAllocator, std::default_delete<SystemAllocator> >(std::unique_ptr<SystemAllocator, std::default_delete<SystemAllocator> >&&)
 .text._ZNSt5tupleIJP5G4CANSt14default_deleteIS0_EEEC2ILb1ELb1EEEv
                0x0000000008003d28       0x1a ./Core/Src/main_impl.o
                0x0000000008003d28                std::tuple<G4CAN*, std::default_delete<G4CAN> >::tuple<true, true>()
                0x0000000008003d28                std::tuple<G4CAN*, std::default_delete<G4CAN> >::tuple<true, true>()
 .text._ZSt3getILj0EJP5G4CANSt14default_deleteIS0_EEERNSt13tuple_elementIXT_ESt5tupleIJDpT0_EEE4typeERS8_
                0x0000000008003d42       0x1a ./Core/Src/main_impl.o
                0x0000000008003d42                std::tuple_element<0u, std::tuple<G4CAN*, std::default_delete<G4CAN> > >::type& std::get<0u, G4CAN*, std::default_delete<G4CAN> >(std::tuple<G4CAN*, std::default_delete<G4CAN> >&)
 .text._ZNSt15__uniq_ptr_implI5G4CANSt14default_deleteIS0_EE10_M_deleterEv
                0x0000000008003d5c       0x1a ./Core/Src/main_impl.o
                0x0000000008003d5c                std::__uniq_ptr_impl<G4CAN, std::default_delete<G4CAN> >::_M_deleter()
 .text._ZNSt15__uniq_ptr_implI19AbstractCANProviderSt14default_deleteIS0_EE5resetEPS0_
                0x0000000008003d76       0x40 ./Core/Src/main_impl.o
                0x0000000008003d76                std::__uniq_ptr_impl<AbstractCANProvider, std::default_delete<AbstractCANProvider> >::reset(AbstractCANProvider*)
 .text._ZNSt15__uniq_ptr_implI5G4CANSt14default_deleteIS0_EE7releaseEv
                0x0000000008003db6       0x2a ./Core/Src/main_impl.o
                0x0000000008003db6                std::__uniq_ptr_impl<G4CAN, std::default_delete<G4CAN> >::release()
 .text._ZN15CyphalInterfaceD2Ev
                0x0000000008003de0       0x1c ./Core/Src/main_impl.o
                0x0000000008003de0                CyphalInterface::~CyphalInterface()
                0x0000000008003de0                CyphalInterface::~CyphalInterface()
 .text._ZNSt14__shared_countILN9__gnu_cxx12_Lock_policyE0EEC2IP15CyphalInterfaceEET_
                0x0000000008003dfc       0x30 ./Core/Src/main_impl.o
                0x0000000008003dfc                std::__shared_count<(__gnu_cxx::_Lock_policy)0>::__shared_count<CyphalInterface*>(CyphalInterface*)
                0x0000000008003dfc                std::__shared_count<(__gnu_cxx::_Lock_policy)0>::__shared_count<CyphalInterface*>(CyphalInterface*)
 .text._ZNSt14__shared_countILN9__gnu_cxx12_Lock_policyE0EE7_M_swapERS2_
                0x0000000008003e2c       0x2a ./Core/Src/main_impl.o
                0x0000000008003e2c                std::__shared_count<(__gnu_cxx::_Lock_policy)0>::_M_swap(std::__shared_count<(__gnu_cxx::_Lock_policy)0>&)
 .text._ZSt4moveIRP15CyphalInterfaceEONSt16remove_referenceIT_E4typeEOS4_
                0x0000000008003e56       0x16 ./Core/Src/main_impl.o
                0x0000000008003e56                std::remove_reference<CyphalInterface*&>::type&& std::move<CyphalInterface*&>(CyphalInterface*&)
 .text._ZSt4swapIP15CyphalInterfaceENSt9enable_ifIXsrSt6__and_IJSt6__not_ISt15__is_tuple_likeIT_EESt21is_move_constructibleIS6_ESt18is_move_assignableIS6_EEE5valueEvE4typeERS6_SG_
                0x0000000008003e6c       0x3e ./Core/Src/main_impl.o
                0x0000000008003e6c                std::enable_if<std::__and_<std::__not_<std::__is_tuple_like<CyphalInterface*> >, std::is_move_constructible<CyphalInterface*>, std::is_move_assignable<CyphalInterface*> >::value, void>::type std::swap<CyphalInterface*>(CyphalInterface*&, CyphalInterface*&)
 .text._ZSt12__get_helperILj0EP17AbstractAllocatorJSt14default_deleteIS0_EEERKT0_RKSt11_Tuple_implIXT_EJS4_DpT1_EE
                0x0000000008003eaa       0x18 ./Core/Src/main_impl.o
                0x0000000008003eaa                AbstractAllocator* const& std::__get_helper<0u, AbstractAllocator*, std::default_delete<AbstractAllocator> >(std::_Tuple_impl<0u, AbstractAllocator*, std::default_delete<AbstractAllocator> > const&)
 .text._ZNSt11_Tuple_implILj0EJP19AbstractCANProviderSt14default_deleteIS0_EEE7_M_headERS4_
                0x0000000008003ec2       0x1a ./Core/Src/main_impl.o
                0x0000000008003ec2                std::_Tuple_impl<0u, AbstractCANProvider*, std::default_delete<AbstractCANProvider> >::_M_head(std::_Tuple_impl<0u, AbstractCANProvider*, std::default_delete<AbstractCANProvider> >&)
 .text._ZSt12__get_helperILj1ESt14default_deleteI19AbstractCANProviderEJEERT0_RSt11_Tuple_implIXT_EJS3_DpT1_EE
                0x0000000008003edc       0x18 ./Core/Src/main_impl.o
                0x0000000008003edc                std::default_delete<AbstractCANProvider>& std::__get_helper<1u, std::default_delete<AbstractCANProvider>>(std::_Tuple_impl<1u, std::default_delete<AbstractCANProvider>>&)
 .text._ZSt7forwardIRKPFyvEEOT_RNSt16remove_referenceIS4_E4typeE
                0x0000000008003ef4       0x16 ./Core/Src/main_impl.o
                0x0000000008003ef4                unsigned long long (* const&std::forward<unsigned long long (* const&)()>(std::remove_reference<unsigned long long (* const&)()>::type&))()
 .text._ZNSt14_Function_base13_Base_managerIPFyvEE9_M_createIRKS2_EEvRSt9_Any_dataOT_St17integral_constantIbLb1EE
                0x0000000008003f0a       0x32 ./Core/Src/main_impl.o
                0x0000000008003f0a                void std::_Function_base::_Base_manager<unsigned long long (*)()>::_M_create<unsigned long long (* const&)()>(std::_Any_data&, unsigned long long (* const&)(), std::integral_constant<bool, true>)
 .text._ZNSt9_Any_data9_M_accessIPFyvEEERT_v
                0x0000000008003f3c       0x18 ./Core/Src/main_impl.o
                0x0000000008003f3c                unsigned long long (*&std::_Any_data::_M_access<unsigned long long (*)()>())()
 .text._ZSt7forwardIRKPFvvEEOT_RNSt16remove_referenceIS4_E4typeE
                0x0000000008003f54       0x16 ./Core/Src/main_impl.o
                0x0000000008003f54                void (* const&std::forward<void (* const&)()>(std::remove_reference<void (* const&)()>::type&))()
 .text._ZNSt14_Function_base13_Base_managerIPFvvEE9_M_createIRKS2_EEvRSt9_Any_dataOT_St17integral_constantIbLb1EE
                0x0000000008003f6a       0x32 ./Core/Src/main_impl.o
                0x0000000008003f6a                void std::_Function_base::_Base_manager<void (*)()>::_M_create<void (* const&)()>(std::_Any_data&, void (* const&)(), std::integral_constant<bool, true>)
 .text._ZNSt9_Any_data9_M_accessIPFvvEEERT_v
                0x0000000008003f9c       0x18 ./Core/Src/main_impl.o
                0x0000000008003f9c                void (*&std::_Any_data::_M_access<void (*)()>())()
 .text._ZNSt15__uniq_ptr_implI15SystemAllocatorSt14default_deleteIS0_EEC2EPS0_
                0x0000000008003fb4       0x28 ./Core/Src/main_impl.o
                0x0000000008003fb4                std::__uniq_ptr_impl<SystemAllocator, std::default_delete<SystemAllocator> >::__uniq_ptr_impl(SystemAllocator*)
                0x0000000008003fb4                std::__uniq_ptr_impl<SystemAllocator, std::default_delete<SystemAllocator> >::__uniq_ptr_impl(SystemAllocator*)
 .text._ZNSt15__uniq_ptr_implI15SystemAllocatorSt14default_deleteIS0_EE6_M_ptrEv
                0x0000000008003fdc       0x1a ./Core/Src/main_impl.o
                0x0000000008003fdc                std::__uniq_ptr_impl<SystemAllocator, std::default_delete<SystemAllocator> >::_M_ptr()
 .text._ZNSt10unique_ptrI15SystemAllocatorSt14default_deleteIS0_EE11get_deleterEv
                0x0000000008003ff6       0x1a ./Core/Src/main_impl.o
                0x0000000008003ff6                std::unique_ptr<SystemAllocator, std::default_delete<SystemAllocator> >::get_deleter()
 .text._ZSt4moveIRP15SystemAllocatorEONSt16remove_referenceIT_E4typeEOS4_
                0x0000000008004010       0x16 ./Core/Src/main_impl.o
                0x0000000008004010                std::remove_reference<SystemAllocator*&>::type&& std::move<SystemAllocator*&>(SystemAllocator*&)
 .text._ZNKSt14default_deleteI15SystemAllocatorEclEPS0_
                0x0000000008004026       0x22 ./Core/Src/main_impl.o
                0x0000000008004026                std::default_delete<SystemAllocator>::operator()(SystemAllocator*) const
 .text._ZNSt10unique_ptrI17AbstractAllocatorSt14default_deleteIS0_EE5resetEPS0_
                0x0000000008004048       0x28 ./Core/Src/main_impl.o
                0x0000000008004048                std::unique_ptr<AbstractAllocator, std::default_delete<AbstractAllocator> >::reset(AbstractAllocator*)
 .text._ZNSt10unique_ptrI15SystemAllocatorSt14default_deleteIS0_EE7releaseEv
                0x0000000008004070       0x1a ./Core/Src/main_impl.o
                0x0000000008004070                std::unique_ptr<SystemAllocator, std::default_delete<SystemAllocator> >::release()
 .text._ZNSt10unique_ptrI17AbstractAllocatorSt14default_deleteIS0_EE11get_deleterEv
                0x000000000800408a       0x1a ./Core/Src/main_impl.o
                0x000000000800408a                std::unique_ptr<AbstractAllocator, std::default_delete<AbstractAllocator> >::get_deleter()
 .text._ZSt7forwardISt14default_deleteI15SystemAllocatorEEOT_RNSt16remove_referenceIS3_E4typeE
                0x00000000080040a4       0x16 ./Core/Src/main_impl.o
                0x00000000080040a4                std::default_delete<SystemAllocator>&& std::forward<std::default_delete<SystemAllocator> >(std::remove_reference<std::default_delete<SystemAllocator> >::type&)
 .text._ZNSt14default_deleteI17AbstractAllocatorEC2I15SystemAllocatorvEERKS_IT_E
                0x00000000080040ba       0x18 ./Core/Src/main_impl.o
                0x00000000080040ba                std::default_delete<AbstractAllocator>::default_delete<SystemAllocator, void>(std::default_delete<SystemAllocator> const&)
                0x00000000080040ba                std::default_delete<AbstractAllocator>::default_delete<SystemAllocator, void>(std::default_delete<SystemAllocator> const&)
 .text._ZNSt11_Tuple_implILj0EJP5G4CANSt14default_deleteIS0_EEEC2Ev
                0x00000000080040d2       0x20 ./Core/Src/main_impl.o
                0x00000000080040d2                std::_Tuple_impl<0u, G4CAN*, std::default_delete<G4CAN> >::_Tuple_impl()
                0x00000000080040d2                std::_Tuple_impl<0u, G4CAN*, std::default_delete<G4CAN> >::_Tuple_impl()
 .text._ZSt12__get_helperILj0EP5G4CANJSt14default_deleteIS0_EEERT0_RSt11_Tuple_implIXT_EJS4_DpT1_EE
                0x00000000080040f2       0x18 ./Core/Src/main_impl.o
                0x00000000080040f2                G4CAN*& std::__get_helper<0u, G4CAN*, std::default_delete<G4CAN> >(std::_Tuple_impl<0u, G4CAN*, std::default_delete<G4CAN> >&)
 .text._ZSt3getILj1EJP5G4CANSt14default_deleteIS0_EEERNSt13tuple_elementIXT_ESt5tupleIJDpT0_EEE4typeERS8_
                0x000000000800410a       0x18 ./Core/Src/main_impl.o
                0x000000000800410a                std::tuple_element<1u, std::tuple<G4CAN*, std::default_delete<G4CAN> > >::type& std::get<1u, G4CAN*, std::default_delete<G4CAN> >(std::tuple<G4CAN*, std::default_delete<G4CAN> >&)
 *fill*         0x0000000008004122        0x2 
 .text._ZNSt15_Sp_counted_ptrIP15CyphalInterfaceLN9__gnu_cxx12_Lock_policyE0EEC2ES1_
                0x0000000008004124       0x2c ./Core/Src/main_impl.o
                0x0000000008004124                std::_Sp_counted_ptr<CyphalInterface*, (__gnu_cxx::_Lock_policy)0>::_Sp_counted_ptr(CyphalInterface*)
                0x0000000008004124                std::_Sp_counted_ptr<CyphalInterface*, (__gnu_cxx::_Lock_policy)0>::_Sp_counted_ptr(CyphalInterface*)
 .text._ZNSt11_Tuple_implILj0EJP17AbstractAllocatorSt14default_deleteIS0_EEE7_M_headERKS4_
                0x0000000008004150       0x1a ./Core/Src/main_impl.o
                0x0000000008004150                std::_Tuple_impl<0u, AbstractAllocator*, std::default_delete<AbstractAllocator> >::_M_head(std::_Tuple_impl<0u, AbstractAllocator*, std::default_delete<AbstractAllocator> > const&)
 .text._ZNSt10_Head_baseILj0EP19AbstractCANProviderLb0EE7_M_headERS2_
                0x000000000800416a       0x16 ./Core/Src/main_impl.o
                0x000000000800416a                std::_Head_base<0u, AbstractCANProvider*, false>::_M_head(std::_Head_base<0u, AbstractCANProvider*, false>&)
 .text._ZNSt11_Tuple_implILj1EJSt14default_deleteI19AbstractCANProviderEEE7_M_headERS3_
                0x0000000008004180       0x18 ./Core/Src/main_impl.o
                0x0000000008004180                std::_Tuple_impl<1u, std::default_delete<AbstractCANProvider> >::_M_head(std::_Tuple_impl<1u, std::default_delete<AbstractCANProvider> >&)
 .text._ZNSt5tupleIJP15SystemAllocatorSt14default_deleteIS0_EEEC2ILb1ELb1EEEv
                0x0000000008004198       0x1a ./Core/Src/main_impl.o
                0x0000000008004198                std::tuple<SystemAllocator*, std::default_delete<SystemAllocator> >::tuple<true, true>()
                0x0000000008004198                std::tuple<SystemAllocator*, std::default_delete<SystemAllocator> >::tuple<true, true>()
 .text._ZSt3getILj0EJP15SystemAllocatorSt14default_deleteIS0_EEERNSt13tuple_elementIXT_ESt5tupleIJDpT0_EEE4typeERS8_
                0x00000000080041b2       0x1a ./Core/Src/main_impl.o
                0x00000000080041b2                std::tuple_element<0u, std::tuple<SystemAllocator*, std::default_delete<SystemAllocator> > >::type& std::get<0u, SystemAllocator*, std::default_delete<SystemAllocator> >(std::tuple<SystemAllocator*, std::default_delete<SystemAllocator> >&)
 .text._ZNSt15__uniq_ptr_implI15SystemAllocatorSt14default_deleteIS0_EE10_M_deleterEv
                0x00000000080041cc       0x1a ./Core/Src/main_impl.o
                0x00000000080041cc                std::__uniq_ptr_impl<SystemAllocator, std::default_delete<SystemAllocator> >::_M_deleter()
 .text._ZSt4moveIRP17AbstractAllocatorEONSt16remove_referenceIT_E4typeEOS4_
                0x00000000080041e6       0x16 ./Core/Src/main_impl.o
                0x00000000080041e6                std::remove_reference<AbstractAllocator*&>::type&& std::move<AbstractAllocator*&>(AbstractAllocator*&)
 .text._ZNSt15__uniq_ptr_implI17AbstractAllocatorSt14default_deleteIS0_EE5resetEPS0_
                0x00000000080041fc       0x40 ./Core/Src/main_impl.o
                0x00000000080041fc                std::__uniq_ptr_impl<AbstractAllocator, std::default_delete<AbstractAllocator> >::reset(AbstractAllocator*)
 .text._ZNSt15__uniq_ptr_implI15SystemAllocatorSt14default_deleteIS0_EE7releaseEv
                0x000000000800423c       0x2a ./Core/Src/main_impl.o
                0x000000000800423c                std::__uniq_ptr_impl<SystemAllocator, std::default_delete<SystemAllocator> >::release()
 .text._ZNSt15__uniq_ptr_implI17AbstractAllocatorSt14default_deleteIS0_EE10_M_deleterEv
                0x0000000008004266       0x1a ./Core/Src/main_impl.o
                0x0000000008004266                std::__uniq_ptr_impl<AbstractAllocator, std::default_delete<AbstractAllocator> >::_M_deleter()
 .text._ZNSt11_Tuple_implILj1EJSt14default_deleteI5G4CANEEEC2Ev
                0x0000000008004280       0x18 ./Core/Src/main_impl.o
                0x0000000008004280                std::_Tuple_impl<1u, std::default_delete<G4CAN> >::_Tuple_impl()
                0x0000000008004280                std::_Tuple_impl<1u, std::default_delete<G4CAN> >::_Tuple_impl()
 .text._ZNSt10_Head_baseILj0EP5G4CANLb0EEC2Ev
                0x0000000008004298       0x1c ./Core/Src/main_impl.o
                0x0000000008004298                std::_Head_base<0u, G4CAN*, false>::_Head_base()
                0x0000000008004298                std::_Head_base<0u, G4CAN*, false>::_Head_base()
 .text._ZNSt11_Tuple_implILj0EJP5G4CANSt14default_deleteIS0_EEE7_M_headERS4_
                0x00000000080042b4       0x1a ./Core/Src/main_impl.o
                0x00000000080042b4                std::_Tuple_impl<0u, G4CAN*, std::default_delete<G4CAN> >::_M_head(std::_Tuple_impl<0u, G4CAN*, std::default_delete<G4CAN> >&)
 .text._ZSt12__get_helperILj1ESt14default_deleteI5G4CANEJEERT0_RSt11_Tuple_implIXT_EJS3_DpT1_EE
                0x00000000080042ce       0x18 ./Core/Src/main_impl.o
                0x00000000080042ce                std::default_delete<G4CAN>& std::__get_helper<1u, std::default_delete<G4CAN>>(std::_Tuple_impl<1u, std::default_delete<G4CAN>>&)
 *fill*         0x00000000080042e6        0x2 
 .text._ZNSt16_Sp_counted_baseILN9__gnu_cxx12_Lock_policyE0EEC2Ev
                0x00000000080042e8       0x2c ./Core/Src/main_impl.o
                0x00000000080042e8                std::_Sp_counted_base<(__gnu_cxx::_Lock_policy)0>::_Sp_counted_base()
                0x00000000080042e8                std::_Sp_counted_base<(__gnu_cxx::_Lock_policy)0>::_Sp_counted_base()
 .text._ZNSt10_Head_baseILj0EP17AbstractAllocatorLb0EE7_M_headERKS2_
                0x0000000008004314       0x16 ./Core/Src/main_impl.o
                0x0000000008004314                std::_Head_base<0u, AbstractAllocator*, false>::_M_head(std::_Head_base<0u, AbstractAllocator*, false> const&)
 .text._ZNSt10_Head_baseILj1ESt14default_deleteI19AbstractCANProviderELb1EE7_M_headERS3_
                0x000000000800432a       0x16 ./Core/Src/main_impl.o
                0x000000000800432a                std::_Head_base<1u, std::default_delete<AbstractCANProvider>, true>::_M_head(std::_Head_base<1u, std::default_delete<AbstractCANProvider>, true>&)
 .text._ZNSt11_Tuple_implILj0EJP15SystemAllocatorSt14default_deleteIS0_EEEC2Ev
                0x0000000008004340       0x20 ./Core/Src/main_impl.o
                0x0000000008004340                std::_Tuple_impl<0u, SystemAllocator*, std::default_delete<SystemAllocator> >::_Tuple_impl()
                0x0000000008004340                std::_Tuple_impl<0u, SystemAllocator*, std::default_delete<SystemAllocator> >::_Tuple_impl()
 .text._ZSt12__get_helperILj0EP15SystemAllocatorJSt14default_deleteIS0_EEERT0_RSt11_Tuple_implIXT_EJS4_DpT1_EE
                0x0000000008004360       0x18 ./Core/Src/main_impl.o
                0x0000000008004360                SystemAllocator*& std::__get_helper<0u, SystemAllocator*, std::default_delete<SystemAllocator> >(std::_Tuple_impl<0u, SystemAllocator*, std::default_delete<SystemAllocator> >&)
 .text._ZSt3getILj1EJP15SystemAllocatorSt14default_deleteIS0_EEERNSt13tuple_elementIXT_ESt5tupleIJDpT0_EEE4typeERS8_
                0x0000000008004378       0x18 ./Core/Src/main_impl.o
                0x0000000008004378                std::tuple_element<1u, std::tuple<SystemAllocator*, std::default_delete<SystemAllocator> > >::type& std::get<1u, SystemAllocator*, std::default_delete<SystemAllocator> >(std::tuple<SystemAllocator*, std::default_delete<SystemAllocator> >&)
 .text._ZNSt15__uniq_ptr_implI17AbstractAllocatorSt14default_deleteIS0_EE6_M_ptrEv
                0x0000000008004390       0x1a ./Core/Src/main_impl.o
                0x0000000008004390                std::__uniq_ptr_impl<AbstractAllocator, std::default_delete<AbstractAllocator> >::_M_ptr()
 .text._ZNKSt14default_deleteI17AbstractAllocatorEclEPS0_
                0x00000000080043aa       0x22 ./Core/Src/main_impl.o
                0x00000000080043aa                std::default_delete<AbstractAllocator>::operator()(AbstractAllocator*) const
 .text._ZSt3getILj1EJP17AbstractAllocatorSt14default_deleteIS0_EEERNSt13tuple_elementIXT_ESt5tupleIJDpT0_EEE4typeERS8_
                0x00000000080043cc       0x18 ./Core/Src/main_impl.o
                0x00000000080043cc                std::tuple_element<1u, std::tuple<AbstractAllocator*, std::default_delete<AbstractAllocator> > >::type& std::get<1u, AbstractAllocator*, std::default_delete<AbstractAllocator> >(std::tuple<AbstractAllocator*, std::default_delete<AbstractAllocator> >&)
 .text._ZNSt10_Head_baseILj1ESt14default_deleteI5G4CANELb1EEC2Ev
                0x00000000080043e4       0x16 ./Core/Src/main_impl.o
                0x00000000080043e4                std::_Head_base<1u, std::default_delete<G4CAN>, true>::_Head_base()
                0x00000000080043e4                std::_Head_base<1u, std::default_delete<G4CAN>, true>::_Head_base()
 .text._ZNSt10_Head_baseILj0EP5G4CANLb0EE7_M_headERS2_
                0x00000000080043fa       0x16 ./Core/Src/main_impl.o
                0x00000000080043fa                std::_Head_base<0u, G4CAN*, false>::_M_head(std::_Head_base<0u, G4CAN*, false>&)
 .text._ZNSt11_Tuple_implILj1EJSt14default_deleteI5G4CANEEE7_M_headERS3_
                0x0000000008004410       0x18 ./Core/Src/main_impl.o
                0x0000000008004410                std::_Tuple_impl<1u, std::default_delete<G4CAN> >::_M_head(std::_Tuple_impl<1u, std::default_delete<G4CAN> >&)
 .text._ZNSt11_Tuple_implILj1EJSt14default_deleteI15SystemAllocatorEEEC2Ev
                0x0000000008004428       0x18 ./Core/Src/main_impl.o
                0x0000000008004428                std::_Tuple_impl<1u, std::default_delete<SystemAllocator> >::_Tuple_impl()
                0x0000000008004428                std::_Tuple_impl<1u, std::default_delete<SystemAllocator> >::_Tuple_impl()
 .text._ZNSt10_Head_baseILj0EP15SystemAllocatorLb0EEC2Ev
                0x0000000008004440       0x1c ./Core/Src/main_impl.o
                0x0000000008004440                std::_Head_base<0u, SystemAllocator*, false>::_Head_base()
                0x0000000008004440                std::_Head_base<0u, SystemAllocator*, false>::_Head_base()
 .text._ZNSt11_Tuple_implILj0EJP15SystemAllocatorSt14default_deleteIS0_EEE7_M_headERS4_
                0x000000000800445c       0x1a ./Core/Src/main_impl.o
                0x000000000800445c                std::_Tuple_impl<0u, SystemAllocator*, std::default_delete<SystemAllocator> >::_M_head(std::_Tuple_impl<0u, SystemAllocator*, std::default_delete<SystemAllocator> >&)
 .text._ZSt12__get_helperILj1ESt14default_deleteI15SystemAllocatorEJEERT0_RSt11_Tuple_implIXT_EJS3_DpT1_EE
                0x0000000008004476       0x18 ./Core/Src/main_impl.o
                0x0000000008004476                std::default_delete<SystemAllocator>& std::__get_helper<1u, std::default_delete<SystemAllocator>>(std::_Tuple_impl<1u, std::default_delete<SystemAllocator>>&)
 .text._ZSt3getILj0EJP17AbstractAllocatorSt14default_deleteIS0_EEERNSt13tuple_elementIXT_ESt5tupleIJDpT0_EEE4typeERS8_
                0x000000000800448e       0x1a ./Core/Src/main_impl.o
                0x000000000800448e                std::tuple_element<0u, std::tuple<AbstractAllocator*, std::default_delete<AbstractAllocator> > >::type& std::get<0u, AbstractAllocator*, std::default_delete<AbstractAllocator> >(std::tuple<AbstractAllocator*, std::default_delete<AbstractAllocator> >&)
 .text._ZSt12__get_helperILj1ESt14default_deleteI17AbstractAllocatorEJEERT0_RSt11_Tuple_implIXT_EJS3_DpT1_EE
                0x00000000080044a8       0x18 ./Core/Src/main_impl.o
                0x00000000080044a8                std::default_delete<AbstractAllocator>& std::__get_helper<1u, std::default_delete<AbstractAllocator>>(std::_Tuple_impl<1u, std::default_delete<AbstractAllocator>>&)
 .text._ZNSt10_Head_baseILj1ESt14default_deleteI5G4CANELb1EE7_M_headERS3_
                0x00000000080044c0       0x16 ./Core/Src/main_impl.o
                0x00000000080044c0                std::_Head_base<1u, std::default_delete<G4CAN>, true>::_M_head(std::_Head_base<1u, std::default_delete<G4CAN>, true>&)
 .text._ZNSt10_Head_baseILj1ESt14default_deleteI15SystemAllocatorELb1EEC2Ev
                0x00000000080044d6       0x16 ./Core/Src/main_impl.o
                0x00000000080044d6                std::_Head_base<1u, std::default_delete<SystemAllocator>, true>::_Head_base()
                0x00000000080044d6                std::_Head_base<1u, std::default_delete<SystemAllocator>, true>::_Head_base()
 .text._ZNSt10_Head_baseILj0EP15SystemAllocatorLb0EE7_M_headERS2_
                0x00000000080044ec       0x16 ./Core/Src/main_impl.o
                0x00000000080044ec                std::_Head_base<0u, SystemAllocator*, false>::_M_head(std::_Head_base<0u, SystemAllocator*, false>&)
 .text._ZNSt11_Tuple_implILj1EJSt14default_deleteI15SystemAllocatorEEE7_M_headERS3_
                0x0000000008004502       0x18 ./Core/Src/main_impl.o
                0x0000000008004502                std::_Tuple_impl<1u, std::default_delete<SystemAllocator> >::_M_head(std::_Tuple_impl<1u, std::default_delete<SystemAllocator> >&)
 .text._ZSt12__get_helperILj0EP17AbstractAllocatorJSt14default_deleteIS0_EEERT0_RSt11_Tuple_implIXT_EJS4_DpT1_EE
                0x000000000800451a       0x18 ./Core/Src/main_impl.o
                0x000000000800451a                AbstractAllocator*& std::__get_helper<0u, AbstractAllocator*, std::default_delete<AbstractAllocator> >(std::_Tuple_impl<0u, AbstractAllocator*, std::default_delete<AbstractAllocator> >&)
 .text._ZNSt11_Tuple_implILj1EJSt14default_deleteI17AbstractAllocatorEEE7_M_headERS3_
                0x0000000008004532       0x18 ./Core/Src/main_impl.o
                0x0000000008004532                std::_Tuple_impl<1u, std::default_delete<AbstractAllocator> >::_M_head(std::_Tuple_impl<1u, std::default_delete<AbstractAllocator> >&)
 .text._ZNSt10_Head_baseILj1ESt14default_deleteI15SystemAllocatorELb1EE7_M_headERS3_
                0x000000000800454a       0x16 ./Core/Src/main_impl.o
                0x000000000800454a                std::_Head_base<1u, std::default_delete<SystemAllocator>, true>::_M_head(std::_Head_base<1u, std::default_delete<SystemAllocator>, true>&)
 .text._ZNSt11_Tuple_implILj0EJP17AbstractAllocatorSt14default_deleteIS0_EEE7_M_headERS4_
                0x0000000008004560       0x1a ./Core/Src/main_impl.o
                0x0000000008004560                std::_Tuple_impl<0u, AbstractAllocator*, std::default_delete<AbstractAllocator> >::_M_head(std::_Tuple_impl<0u, AbstractAllocator*, std::default_delete<AbstractAllocator> >&)
 .text._ZNSt10_Head_baseILj1ESt14default_deleteI17AbstractAllocatorELb1EE7_M_headERS3_
                0x000000000800457a       0x16 ./Core/Src/main_impl.o
                0x000000000800457a                std::_Head_base<1u, std::default_delete<AbstractAllocator>, true>::_M_head(std::_Head_base<1u, std::default_delete<AbstractAllocator>, true>&)