../Core/Inc/MPU9250.h:229:10:writeByte	32	static
../Core/Inc/MPU9250.h:238:10:readByte	32	static
../Core/Inc/MPU9250.h:250:10:readBytes	48	static
../Core/Inc/MPU9250.h:265:6:getMres	4	static
../Core/Inc/MPU9250.h:280:6:getGres	4	static
../Core/Inc/MPU9250.h:302:6:getAres	4	static
../Core/Inc/MPU9250.h:324:6:readAccelData	24	static
../Core/Inc/MPU9250.h:333:6:readGyroData	24	static
../Core/Inc/MPU9250.h:342:6:readMagData	24	static
../Core/Inc/MPU9250.h:356:9:readTempData	16	static
../Core/Inc/MPU9250.h:364:6:resetMPU9250	8	static
../Core/Inc/MPU9250.h:370:8:initAK8963	24	static
../Core/Inc/MPU9250.h:392:6:initMPU9250	16	static
../Core/Inc/MPU9250.h:448:6:calibrateMPU9250	104	static
../Core/Inc/MPU9250.h:595:6:MPU9250SelfTest	136	static
../Core/Inc/MPU9250.h:688:14:MadgwickQuaternionUpdate	208	static
../Core/Inc/MPU9250.h:784:18:MahonyQuaternionUpdate	176	static
../Core/Src/main.c:68:5:main	56	static
../Core/Src/main.c:159:6:SystemClock_Config	88	static
../Core/Src/main.c:208:6:Error_Handler	4	static,ignoring_inline_asm
