../Core/Inc/MPU9250.h:229:10:writeByte	32	static
../Core/Inc/MPU9250.h:237:10:readByte	32	static
../Core/Inc/MPU9250.h:247:10:readBytes	48	static
../Core/Inc/MPU9250.h:260:6:getMres	4	static
../Core/Inc/MPU9250.h:275:6:getGres	4	static
../Core/Inc/MPU9250.h:297:6:getAres	4	static
../Core/Inc/MPU9250.h:319:6:readAccelData	24	static
../Core/Inc/MPU9250.h:328:6:readGyroData	24	static
../Core/Inc/MPU9250.h:337:6:readMagData	24	static
../Core/Inc/MPU9250.h:351:9:readTempData	16	static
../Core/Inc/MPU9250.h:359:6:resetMPU9250	8	static
../Core/Inc/MPU9250.h:365:8:initAK8963	24	static
../Core/Inc/MPU9250.h:387:6:initMPU9250	16	static
../Core/Inc/MPU9250.h:443:6:calibrateMPU9250	104	static
../Core/Inc/MPU9250.h:590:6:MPU9250SelfTest	136	static
../Core/Inc/MPU9250.h:683:14:MadgwickQuaternionUpdate	208	static
../Core/Inc/MPU9250.h:779:18:MahonyQuaternionUpdate	176	static
../Core/Src/main.c:70:5:main	112	static
../Core/Src/main.c:156:6:SystemClock_Config	88	static
../Core/Src/main.c:198:6:delay	16	static
../Core/Src/main.c:210:6:Error_Handler	4	static,ignoring_inline_asm
